2026-04-28 17:23:57, MOVE, v:1, k:fup@abs, mode:PICK
2026-04-28 17:24:03, EXEC, v:1, k:fup@abs, mode:FULL, size:12, fail:COMP
2026-04-28 17:24:40, MOVE, v:1, k:fup@abs, mode:EDIT
2026-04-28 17:34:28, MOVE, v:1, k:fup@abs, mode:EDIT
2026-04-28 17:36:38, EXEC, v:1, k:fup@abs, mode:FULL, rate:100, size:19
2026-04-28 17:36:38, MOVE, v:1, k:fup@abs, mode:EDIT
2026-04-28 17:44:25, SELF, v:1, k:fup@abs, self:1, rate:100, study:45, concept:1
2026-04-28 17:44:30, MOVE, v:1, k:fup@abs, mode:BACK
2026-04-28 17:44:37, MOVE, v:1, k:fup@max, mode:DOWN
2026-04-28 17:44:39, MOVE, v:1, k:fup@max, mode:PICK
2026-04-28 17:44:41, EXEC, v:1, k:fup@max, mode:FULL, rate:0, size:5
2026-04-28 17:44:37, MOVE, v:1, k:fup@max, mode:EDIT
2026-04-28 17:44:37, MOVE, v:1, k:fup@max, mode:EDIT
2026-04-28 17:44:37, MOVE, v:1, k:fup@max, mode:EDIT
2026-04-28 17:44:41, MOVE, v:1, k:fup@max, mode:EDIT
2026-04-28 17:52:59, EXEC, v:1, k:fup@max, mode:FULL, rate:25, size:14
2026-04-28 17:53:13, EXEC, v:1, k:fup@max, mode:FULL, rate:0, size:14
2026-04-28 17:54:30, EXEC, v:1, k:fup@max, mode:FULL, rate:0, size:16
2026-04-28 17:54:30, MOVE, v:1, k:fup@max, mode:EDIT
2026-04-28 17:54:30, MOVE, v:1, k:fup@max, mode:EDIT
2026-04-28 17:57:54, EXEC, v:1, k:fup@max, mode:FULL, rate:25, size:16
2026-04-28 17:58:22, MOVE, v:1, k:fup@max, mode:EDIT
2026-04-28 17:57:54, MOVE, v:1, k:fup@max, mode:EDIT
2026-04-28 18:02:32, MOVE, v:1, k:fup@max, mode:EDIT
