2026-04-29 15:59:55, MOVE, v:1, k:fup@max, mode:PICK
2026-04-29 16:00:02, EXEC, v:1, k:fup@max, mode:FULL, rate:25, size:15
2026-04-29 16:00:03, EXEC, v:1, k:fup@max, mode:FULL, rate:25
2026-04-29 16:00:54, EXEC, v:1, k:fup@max, mode:FULL, rate:25, size:15
2026-04-29 16:00:54, MOVE, v:1, k:fup@max, mode:EDIT
2026-04-29 16:00:53, MOVE, v:1, k:fup@max, mode:EDIT
2026-04-29 16:01:07, MOVE, v:1, k:fup@max, mode:EDIT
2026-04-29 16:06:42, EXEC, v:1, k:fup@max, mode:FULL, rate:25, size:14
2026-04-29 16:08:00, EXEC, v:1, k:fup@max, mode:FULL, rate:100, size:16
2026-04-29 16:09:22, SELF, v:1, k:fup@max, self:1, rate:100, study:20
2026-04-29 16:09:22, EXEC, v:1, k:fup@max, mode:FULL, rate:100, size:16
2026-04-29 16:09:26, MOVE, v:1, k:fup@max, mode:BACK
2026-04-29 16:09:29, MOVE, v:1, k:fup@ou, mode:DOWN
2026-04-29 16:08:11, MOVE, v:1, k:fup@max, mode:EDIT
2026-04-29 16:09:22, MOVE, v:1, k:fup@max, mode:EDIT
2026-04-29 16:09:29, MOVE, v:1, k:fup@ou, mode:EDIT
2026-04-29 16:09:29, MOVE, v:1, k:fup@ou, mode:EDIT
2026-04-29 16:14:11, MOVE, v:1, k:fup@ou, mode:PICK
2026-04-29 16:14:12, EXEC, v:1, k:fup@ou, mode:FULL, rate:0, size:13
2026-04-29 16:14:45, EXEC, v:1, k:fup@ou, mode:FULL, rate:0, size:13
2026-04-29 16:14:44, MOVE, v:1, k:fup@ou, mode:EDIT
2026-04-29 16:14:45, MOVE, v:1, k:fup@ou, mode:EDIT
2026-04-29 16:15:01, EXEC, v:1, k:fup@ou, mode:FULL, rate:40, size:13
2026-04-29 16:15:21, EXEC, v:1, k:fup@ou, mode:FULL, rate:0, size:13
2026-04-29 16:16:20, EXEC, v:1, k:fup@ou, mode:FULL, rate:40, size:13
2026-04-29 16:16:28, EXEC, v:1, k:fup@ou, mode:FULL, rate:100, size:13
2026-04-29 16:17:08, SELF, v:1, k:fup@ou, self:1, rate:100, study:10
2026-04-29 16:17:08, EXEC, v:1, k:fup@ou, mode:FULL, rate:100
2026-04-29 16:17:10, MOVE, v:1, k:fup@ou, mode:BACK
2026-04-29 16:17:14, MOVE, v:1, k:fup@positivo, mode:DOWN
2026-04-29 16:17:15, MOVE, v:1, k:fup@positivo, mode:PICK
2026-04-29 16:17:16, EXEC, v:1, k:fup@positivo, mode:FULL, rate:0, size:5
2026-04-29 16:16:26, MOVE, v:1, k:fup@ou, mode:EDIT
2026-04-29 16:17:08, MOVE, v:1, k:fup@ou, mode:EDIT
2026-04-29 16:17:14, MOVE, v:1, k:fup@positivo, mode:EDIT
2026-04-29 16:17:14, MOVE, v:1, k:fup@positivo, mode:EDIT
2026-04-29 16:19:39, MOVE, v:1, k:fup@positivo, mode:EDIT
2026-04-29 16:17:16, MOVE, v:1, k:fup@positivo, mode:EDIT
2026-04-29 16:21:38, EXEC, v:1, k:fup@positivo, mode:FULL, rate:0, size:14
2026-04-29 16:21:49, EXEC, v:1, k:fup@positivo, mode:FULL, rate:40, size:13
2026-04-29 16:21:55, EXEC, v:1, k:fup@positivo, mode:FULL, rate:80, size:13
2026-04-29 16:22:18, EXEC, v:1, k:fup@positivo, mode:FULL, rate:60, size:13
2026-04-29 16:23:02, EXEC, v:1, k:fup@positivo, mode:FULL, rate:100, size:13
2026-04-29 16:23:15, SELF, v:1, k:fup@positivo, self:1, rate:100, study:7
2026-04-29 16:23:15, EXEC, v:1, k:fup@positivo, mode:FULL, rate:100
2026-04-29 16:23:17, MOVE, v:1, k:fup@positivo, mode:BACK
2026-04-29 16:23:01, MOVE, v:1, k:fup@positivo, mode:EDIT
2026-04-29 16:23:15, MOVE, v:1, k:fup@positivo, mode:EDIT
