2026-06-16 03:00:01, MOVE, v:1, k:fup@final, mode:DOWN
2026-06-16 03:02:54, MOVE, v:1, k:fup@final, mode:PICK
2026-06-16 03:03:00, EXEC, v:1, k:fup@final, mode:FULL, rate:100, size:27
2026-06-16 03:03:53, SELF, v:1, k:fup@final, self:1, rate:100, study:5
2026-06-16 03:04:12, EXEC, v:1, k:fup@final, mode:FULL, rate:100, size:25
2026-06-16 03:04:14, MOVE, v:1, k:fup@final, mode:BACK
2026-06-16 03:04:18, MOVE, v:1, k:fup@semana, mode:DOWN
2026-06-16 03:00:01, MOVE, v:1, k:fup@final, mode:EDIT
2026-06-16 03:00:01, MOVE, v:1, k:fup@final, mode:EDIT
2026-06-16 03:04:11, MOVE, v:1, k:fup@final, mode:EDIT
2026-06-16 03:04:12, MOVE, v:1, k:fup@final, mode:EDIT
2026-06-16 03:04:18, MOVE, v:1, k:fup@semana, mode:EDIT
2026-06-16 03:04:18, MOVE, v:1, k:fup@semana, mode:EDIT
2026-06-16 03:06:44, MOVE, v:1, k:fup@semana, mode:EDIT
2026-06-16 03:28:01, MOVE, v:1, k:fup@semana, mode:PICK
2026-06-16 03:28:03, EXEC, v:1, k:fup@semana, mode:FULL, rate:90, size:26
2026-06-16 03:29:38, MOVE, v:1, k:fup@semana, mode:EDIT
2026-06-16 03:28:02, MOVE, v:1, k:fup@semana, mode:EDIT
2026-06-16 03:29:45, EXEC, v:1, k:fup@semana, mode:FULL, rate:100, size:27
2026-06-16 03:30:03, SELF, v:1, k:fup@semana, self:1, rate:100, study:20
2026-06-16 03:30:04, MOVE, v:1, k:fup@semana, mode:BACK
2026-06-16 03:30:07, MOVE, v:1, k:fup@varetas, mode:DOWN
2026-06-16 03:34:29, MOVE, v:1, k:fup@varetas, mode:PICK
2026-06-16 03:34:35, EXEC, v:1, k:fup@varetas, mode:FULL, rate:0, size:17
2026-06-16 03:29:43, MOVE, v:1, k:fup@semana, mode:EDIT
2026-06-16 03:29:45, MOVE, v:1, k:fup@semana, mode:EDIT
2026-06-16 03:30:07, MOVE, v:1, k:fup@varetas, mode:EDIT
2026-06-16 03:30:07, MOVE, v:1, k:fup@varetas, mode:EDIT
2026-06-16 03:30:07, MOVE, v:1, k:fup@varetas, mode:EDIT
2026-06-16 03:34:29, MOVE, v:1, k:fup@varetas, mode:EDIT
2026-06-16 03:34:33, MOVE, v:1, k:fup@varetas, mode:EDIT
2026-06-16 03:34:57, EXEC, v:1, k:fup@varetas, mode:FULL, rate:100, size:17
2026-06-16 03:35:14, SELF, v:1, k:fup@varetas, self:1, rate:100, study:5
2026-06-16 03:35:21, MOVE, v:1, k:fup@varetas, mode:BACK
2026-06-16 03:35:25, MOVE, v:1, k:fup@bhaskara, mode:DOWN
2026-06-16 03:35:38, MOVE, v:1, k:fup@bhaskara, mode:PICK
2026-06-16 03:34:49, MOVE, v:1, k:fup@varetas, mode:EDIT
2026-06-16 03:34:55, MOVE, v:1, k:fup@varetas, mode:EDIT
2026-06-16 03:35:25, MOVE, v:1, k:fup@bhaskara, mode:EDIT
2026-06-16 03:35:25, MOVE, v:1, k:fup@bhaskara, mode:EDIT
2026-06-16 03:35:25, MOVE, v:1, k:fup@bhaskara, mode:EDIT
2026-06-16 03:44:16, EXEC, v:1, k:fup@bhaskara, mode:FULL, rate:85, size:27
2026-06-16 03:44:13, MOVE, v:1, k:fup@bhaskara, mode:EDIT
2026-06-16 03:44:16, MOVE, v:1, k:fup@bhaskara, mode:EDIT
2026-06-16 03:45:19, EXEC, v:1, k:fup@bhaskara, mode:FULL, rate:85, size:28
2026-06-16 03:45:27, EXEC, v:1, k:fup@bhaskara, mode:FULL, rate:85
2026-06-16 03:46:44, MOVE, v:1, k:fup@bhaskara, mode:EDIT
2026-06-16 03:45:27, MOVE, v:1, k:fup@bhaskara, mode:EDIT
2026-06-16 03:52:36, EXEC, v:1, k:fup@bhaskara, mode:FULL, rate:100, size:41
2026-06-16 03:52:53, SELF, v:1, k:fup@bhaskara, self:1, rate:100, study:10
2026-06-16 03:52:54, MOVE, v:1, k:fup@bhaskara, mode:BACK
2026-06-16 03:59:30, MOVE, v:1, k:fup@cortada, mode:DOWN
2026-06-16 03:59:32, MOVE, v:1, k:fup@cortada, mode:PICK
2026-06-16 03:59:38, MOVE, v:1, k:fup@cortada, mode:BACK
2026-06-16 04:00:44, MOVE, v:1, k:fup@cortada, mode:PICK
2026-06-16 04:00:45, EXEC, v:1, k:fup@cortada, mode:FULL, rate:100, size:16
2026-06-16 04:01:01, SELF, v:1, k:fup@cortada, self:1, rate:100, study:4
2026-06-16 04:01:02, MOVE, v:1, k:fup@cortada, mode:BACK
2026-06-16 04:01:07, MOVE, v:1, k:fup@monica, mode:DOWN
2026-06-16 04:02:11, MOVE, v:1, k:fup@monica, mode:PICK
2026-06-16 04:02:13, EXEC, v:1, k:fup@monica, mode:FULL, rate:100, size:21
2026-06-16 04:02:23, SELF, v:1, k:fup@monica, self:1, rate:100, study:5
2026-06-16 04:02:24, MOVE, v:1, k:fup@monica, mode:BACK
2026-06-16 04:02:29, MOVE, v:1, k:fup@drone, mode:DOWN
2026-06-16 04:02:30, MOVE, v:1, k:fup@drone, mode:PICK
2026-06-16 04:02:31, EXEC, v:1, k:fup@drone, mode:FULL, rate:0, size:5
2026-06-16 04:03:25, EXEC, v:1, k:fup@drone, mode:FULL, rate:100, size:24
2026-06-16 04:03:41, SELF, v:1, k:fup@drone, self:1, rate:100, study:10
2026-06-16 04:03:42, MOVE, v:1, k:fup@drone, mode:BACK
2026-06-16 03:59:30, MOVE, v:1, k:fup@cortada, mode:EDIT
2026-06-16 03:59:30, MOVE, v:1, k:fup@cortada, mode:EDIT
2026-06-16 03:59:30, MOVE, v:1, k:fup@cortada, mode:EDIT
2026-06-16 03:59:30, MOVE, v:1, k:fup@cortada, mode:EDIT
2026-06-16 04:00:44, MOVE, v:1, k:fup@cortada, mode:EDIT
2026-06-16 04:00:45, MOVE, v:1, k:fup@cortada, mode:EDIT
2026-06-16 04:01:07, MOVE, v:1, k:fup@monica, mode:EDIT
2026-06-16 04:01:07, MOVE, v:1, k:fup@monica, mode:EDIT
2026-06-16 04:01:07, MOVE, v:1, k:fup@monica, mode:EDIT
2026-06-16 04:02:07, MOVE, v:1, k:fup@monica, mode:EDIT
2026-06-16 04:02:13, MOVE, v:1, k:fup@monica, mode:EDIT
2026-06-16 04:02:28, MOVE, v:1, k:fup@drone, mode:EDIT
2026-06-16 04:02:28, MOVE, v:1, k:fup@drone, mode:EDIT
2026-06-16 04:02:28, MOVE, v:1, k:fup@drone, mode:EDIT
2026-06-16 04:03:24, MOVE, v:1, k:fup@drone, mode:EDIT
2026-06-16 04:03:25, MOVE, v:1, k:fup@drone, mode:EDIT
2026-06-16 04:03:58, MOVE, v:1, k:fup@teleferico, mode:DOWN
2026-06-16 04:05:24, MOVE, v:1, k:fup@teleferico, mode:PICK
2026-06-16 04:05:25, EXEC, v:1, k:fup@teleferico, mode:FULL, rate:100, size:13
2026-06-16 04:05:31, SELF, v:1, k:fup@teleferico, self:1, rate:100, study:5
2026-06-16 04:05:33, MOVE, v:1, k:fup@teleferico, mode:BACK
2026-06-16 04:05:42, MOVE, v:1, k:fup@goiabas, mode:DOWN
2026-06-16 04:07:23, MOVE, v:1, k:fup@goiabas, mode:PICK
2026-06-16 04:03:58, MOVE, v:1, k:fup@teleferico, mode:EDIT
2026-06-16 04:03:58, MOVE, v:1, k:fup@teleferico, mode:EDIT
2026-06-16 04:03:58, MOVE, v:1, k:fup@teleferico, mode:EDIT
2026-06-16 04:05:22, MOVE, v:1, k:fup@teleferico, mode:EDIT
2026-06-16 04:05:25, MOVE, v:1, k:fup@teleferico, mode:EDIT
2026-06-16 04:05:41, MOVE, v:1, k:fup@goiabas, mode:EDIT
2026-06-16 04:05:41, MOVE, v:1, k:fup@goiabas, mode:EDIT
2026-06-16 04:05:41, MOVE, v:1, k:fup@goiabas, mode:EDIT
2026-06-16 04:05:41, MOVE, v:1, k:fup@goiabas, mode:EDIT
2026-06-16 04:11:57, EXEC, v:1, k:fup@goiabas, mode:FULL, rate:0, size:15
2026-06-16 04:12:47, EXEC, v:1, k:fup@goiabas, mode:FULL, rate:100, size:15
2026-06-16 04:12:56, SELF, v:1, k:fup@goiabas, self:1, rate:100, study:10
2026-06-16 04:12:58, MOVE, v:1, k:fup@goiabas, mode:BACK
2026-06-16 04:12:04, MOVE, v:1, k:fup@goiabas, mode:EDIT
2026-06-16 04:12:47, MOVE, v:1, k:fup@goiabas, mode:EDIT
2026-06-16 04:15:59, MOVE, v:1, k:fup@cobra, mode:DOWN
2026-06-16 04:17:41, MOVE, v:1, k:fup@cobra, mode:PICK
2026-06-16 04:17:42, EXEC, v:1, k:fup@cobra, mode:FULL, rate:100, size:25
2026-06-16 04:17:50, SELF, v:1, k:fup@cobra, self:1, rate:100, study:10
2026-06-16 04:17:51, EXEC, v:1, k:fup@cobra, mode:FULL, rate:100
2026-06-16 04:17:52, MOVE, v:1, k:fup@cobra, mode:BACK
2026-06-16 04:15:59, MOVE, v:1, k:fup@cobra, mode:EDIT
2026-06-16 04:15:59, MOVE, v:1, k:fup@cobra, mode:EDIT
2026-06-16 04:15:59, MOVE, v:1, k:fup@cobra, mode:EDIT
2026-06-16 04:15:59, MOVE, v:1, k:fup@cobra, mode:EDIT
2026-06-16 04:17:31, MOVE, v:1, k:fup@cobra, mode:EDIT
2026-06-16 04:17:51, MOVE, v:1, k:fup@cobra, mode:EDIT
2026-06-16 04:18:59, MOVE, v:1, k:fup@game10, mode:DOWN
2026-06-16 04:20:13, MOVE, v:1, k:fup@game10, mode:PICK
2026-06-16 04:20:17, EXEC, v:1, k:fup@game10, mode:FULL, rate:0, size:11
2026-06-16 04:20:27, EXEC, v:1, k:fup@game10, mode:FULL, rate:42, size:11
2026-06-16 04:20:37, EXEC, v:1, k:fup@game10, mode:FULL, rate:100, size:11
2026-06-16 04:20:43, MOVE, v:1, k:fup@game10, mode:BACK
2026-06-16 04:20:45, MOVE, v:1, k:fup@game10, mode:PICK
2026-06-16 04:20:46, EXEC, v:1, k:fup@game10, mode:FULL, rate:100
2026-06-16 04:20:54, SELF, v:1, k:fup@game10, self:1, rate:100, study:3
2026-06-16 04:20:56, MOVE, v:1, k:fup@game10, mode:BACK
2026-06-16 04:21:03, MOVE, v:1, k:fup@salario, mode:DOWN
2026-06-16 04:22:27, MOVE, v:1, k:fup@salario, mode:PICK
2026-06-16 04:22:28, EXEC, v:1, k:fup@salario, mode:FULL, rate:0, size:15
2026-06-16 04:22:31, EXEC, v:1, k:fup@salario, mode:FULL, rate:0
2026-06-16 04:22:32, EXEC, v:1, k:fup@salario, mode:FULL, rate:0
2026-06-16 04:22:46, EXEC, v:1, k:fup@salario, mode:FULL, rate:87, size:15
2026-06-16 04:22:57, EXEC, v:1, k:fup@salario, mode:FULL, rate:87, size:17
2026-06-16 04:23:06, EXEC, v:1, k:fup@salario, mode:FULL, rate:62, size:17
2026-06-16 04:18:59, MOVE, v:1, k:fup@game10, mode:EDIT
2026-06-16 04:18:59, MOVE, v:1, k:fup@game10, mode:EDIT
2026-06-16 04:18:59, MOVE, v:1, k:fup@game10, mode:EDIT
2026-06-16 04:18:59, MOVE, v:1, k:fup@game10, mode:EDIT
2026-06-16 04:20:35, MOVE, v:1, k:fup@game10, mode:EDIT
2026-06-16 04:20:46, MOVE, v:1, k:fup@game10, mode:EDIT
2026-06-16 04:21:03, MOVE, v:1, k:fup@salario, mode:EDIT
2026-06-16 04:21:03, MOVE, v:1, k:fup@salario, mode:EDIT
2026-06-16 04:21:03, MOVE, v:1, k:fup@salario, mode:EDIT
2026-06-16 04:23:12, MOVE, v:1, k:fup@salario, mode:EDIT
2026-06-16 04:23:06, MOVE, v:1, k:fup@salario, mode:EDIT
2026-06-16 04:26:41, EXEC, v:1, k:fup@salario, mode:FULL, rate:100, size:17
2026-06-16 04:26:50, SELF, v:1, k:fup@salario, self:1, rate:100, study:10
2026-06-16 04:26:52, MOVE, v:1, k:fup@salario, mode:BACK
2026-06-16 04:26:41, MOVE, v:1, k:fup@salario, mode:EDIT
2026-06-16 04:30:38, MOVE, v:1, k:fup@pares, mode:DOWN
2026-06-16 04:32:02, MOVE, v:1, k:fup@pares, mode:PICK
2026-06-16 04:32:03, EXEC, v:1, k:fup@pares, mode:FULL, rate:14, size:19
2026-06-16 04:32:17, EXEC, v:1, k:fup@pares, mode:FULL, rate:100, size:20
2026-06-16 04:32:27, SELF, v:1, k:fup@pares, self:1, rate:100, study:5
2026-06-16 04:32:30, MOVE, v:1, k:fup@pares, mode:BACK
2026-06-16 04:30:38, MOVE, v:1, k:fup@pares, mode:EDIT
2026-06-16 04:30:38, MOVE, v:1, k:fup@pares, mode:EDIT
2026-06-16 04:30:38, MOVE, v:1, k:fup@pares, mode:EDIT
2026-06-16 04:32:10, MOVE, v:1, k:fup@pares, mode:EDIT
2026-06-16 04:32:17, MOVE, v:1, k:fup@pares, mode:EDIT
2026-06-16 04:37:12, MOVE, v:1, k:fup@sapatos, mode:DOWN
2026-06-16 04:37:12, MOVE, v:1, k:fup@sapatos, mode:EDIT
2026-06-16 04:37:12, MOVE, v:1, k:fup@sapatos, mode:EDIT
2026-06-16 04:37:12, MOVE, v:1, k:fup@sapatos, mode:EDIT
2026-06-16 04:38:27, MOVE, v:1, k:fup@sapatos, mode:EDIT
2026-06-16 04:39:01, MOVE, v:1, k:fup@sapatos, mode:PICK
2026-06-16 04:39:02, EXEC, v:1, k:fup@sapatos, mode:FULL, rate:100, size:20
2026-06-16 04:39:12, SELF, v:1, k:fup@sapatos, self:1, rate:100, study:10
2026-06-16 04:39:13, MOVE, v:1, k:fup@sapatos, mode:BACK
2026-06-16 04:39:43, MOVE, v:1, k:fup@filhos, mode:DOWN
2026-06-16 04:42:37, MOVE, v:1, k:fup@filhos, mode:PICK
2026-06-16 04:42:38, EXEC, v:1, k:fup@filhos, mode:FULL, rate:100, size:12
2026-06-16 04:42:38, EXEC, v:1, k:fup@filhos, mode:FULL, rate:100, size:12
2026-06-16 04:42:49, SELF, v:1, k:fup@filhos, self:1, rate:100, study:5
2026-06-16 04:42:49, EXEC, v:1, k:fup@filhos, mode:FULL, rate:100, size:12
2026-06-16 04:42:51, MOVE, v:1, k:fup@filhos, mode:BACK
2026-06-16 04:43:10, MOVE, v:1, k:fup@ceu, mode:DOWN
2026-06-16 04:43:11, MOVE, v:1, k:fup@ceu, mode:PICK
2026-06-16 04:43:14, EXEC, v:1, k:fup@ceu, mode:FULL, rate:0, size:5
2026-06-16 04:43:20, MOVE, v:1, k:fup@ceu, mode:BACK
2026-06-16 04:39:02, MOVE, v:1, k:fup@sapatos, mode:EDIT
2026-06-16 04:39:43, MOVE, v:1, k:fup@filhos, mode:EDIT
2026-06-16 04:39:43, MOVE, v:1, k:fup@filhos, mode:EDIT
2026-06-16 04:39:43, MOVE, v:1, k:fup@filhos, mode:EDIT
2026-06-16 04:41:48, MOVE, v:1, k:fup@filhos, mode:EDIT
2026-06-16 04:42:49, MOVE, v:1, k:fup@filhos, mode:EDIT
2026-06-16 04:43:10, MOVE, v:1, k:fup@ceu, mode:EDIT
2026-06-16 04:43:10, MOVE, v:1, k:fup@ceu, mode:EDIT
2026-06-16 04:43:10, MOVE, v:1, k:fup@ceu, mode:EDIT
2026-06-16 04:43:14, MOVE, v:1, k:fup@ceu, mode:EDIT
2026-06-16 04:43:56, MOVE, v:1, k:fup@ceu, mode:PICK
2026-06-16 04:43:57, EXEC, v:1, k:fup@ceu, mode:FULL, rate:0, size:21
2026-06-16 04:43:58, EXEC, v:1, k:fup@ceu, mode:FULL, rate:0
2026-06-16 04:44:44, EXEC, v:1, k:fup@ceu, mode:FULL, rate:0, size:28
2026-06-16 04:45:49, EXEC, v:1, k:fup@ceu, mode:FULL, rate:0, size:28
2026-06-16 04:46:08, EXEC, v:1, k:fup@ceu, mode:FULL, rate:0, size:29
2026-06-16 04:46:30, EXEC, v:1, k:fup@ceu, mode:FULL, rate:0, size:30
2026-06-16 04:46:52, EXEC, v:1, k:fup@ceu, mode:FULL, rate:0, size:30
2026-06-16 04:47:09, EXEC, v:1, k:fup@ceu, mode:FULL, rate:0, size:30
2026-06-16 04:48:34, EXEC, v:1, k:fup@ceu, mode:FULL, rate:0, size:30
2026-06-16 04:48:42, MOVE, v:1, k:fup@ceu, mode:EDIT
2026-06-16 04:48:34, MOVE, v:1, k:fup@ceu, mode:EDIT
2026-06-16 04:50:42, EXEC, v:1, k:fup@ceu, mode:FULL, rate:0, size:27
2026-06-16 04:51:29, EXEC, v:1, k:fup@ceu, mode:FULL, rate:0, size:28
2026-06-16 04:51:44, EXEC, v:1, k:fup@ceu, mode:FULL, rate:0, size:29
2026-06-16 04:51:57, EXEC, v:1, k:fup@ceu, mode:FULL, rate:0, size:30
2026-06-16 04:53:14, MOVE, v:1, k:fup@ceu, mode:EDIT
2026-06-16 04:51:57, MOVE, v:1, k:fup@ceu, mode:EDIT
2026-06-16 04:57:46, EXEC, v:1, k:fup@ceu, mode:FULL, rate:0, size:30
2026-06-16 04:58:05, EXEC, v:1, k:fup@ceu, mode:FULL, rate:0, size:30
2026-06-16 04:58:23, EXEC, v:1, k:fup@ceu, mode:FULL, rate:0, size:30
2026-06-16 04:58:40, EXEC, v:1, k:fup@ceu, mode:FULL, rate:0, size:30
2026-06-16 04:58:39, MOVE, v:1, k:fup@ceu, mode:EDIT
2026-06-16 04:58:40, MOVE, v:1, k:fup@ceu, mode:EDIT
2026-06-16 04:58:56, EXEC, v:1, k:fup@ceu, mode:FULL, rate:0, size:29
2026-06-16 05:00:38, EXEC, v:1, k:fup@ceu, mode:FULL, rate:0
2026-06-16 05:01:36, EXEC, v:1, k:fup@ceu, mode:FULL, rate:0, size:29
2026-06-16 05:01:53, EXEC, v:1, k:fup@ceu, mode:FULL, rate:0, size:30
2026-06-16 05:02:12, EXEC, v:1, k:fup@ceu, mode:FULL, rate:0, size:29
2026-06-16 05:02:26, EXEC, v:1, k:fup@ceu, mode:FULL, rate:0, size:29
2026-06-16 05:02:45, EXEC, v:1, k:fup@ceu, mode:FULL, rate:0, size:29
2026-06-16 05:02:54, EXEC, v:1, k:fup@ceu, mode:FULL, rate:0, size:29
2026-06-16 05:03:28, EXEC, v:1, k:fup@ceu, mode:FULL, rate:0, size:29
2026-06-16 05:03:38, EXEC, v:1, k:fup@ceu, mode:FULL, rate:0, size:29
2026-06-16 05:03:49, EXEC, v:1, k:fup@ceu, mode:FULL, rate:0, size:29
2026-06-16 05:03:48, MOVE, v:1, k:fup@ceu, mode:EDIT
2026-06-16 05:03:49, MOVE, v:1, k:fup@ceu, mode:EDIT
2026-06-16 05:04:07, EXEC, v:1, k:fup@ceu, mode:FULL, rate:0, size:29
2026-06-16 05:04:35, EXEC, v:1, k:fup@ceu, mode:FULL, rate:0, size:29
2026-06-16 05:04:50, EXEC, v:1, k:fup@ceu, mode:FULL, rate:0, size:29
2026-06-16 05:07:16, EXEC, v:1, k:fup@ceu, mode:FULL, rate:0, size:28
2026-06-16 05:07:24, EXEC, v:1, k:fup@ceu, mode:FULL, rate:100, size:28
2026-06-16 05:07:35, SELF, v:1, k:fup@ceu, self:1, rate:100, study:20
2026-06-16 05:07:37, MOVE, v:1, k:fup@ceu, mode:BACK
2026-06-16 05:20:44, MOVE, v:1, k:fup@esconde, mode:DOWN
2026-06-16 05:21:20, MOVE, v:1, k:fup@esconde, mode:PICK
2026-06-16 05:21:22, EXEC, v:1, k:fup@esconde, mode:FULL, rate:100, size:16
2026-06-16 05:21:32, SELF, v:1, k:fup@esconde, self:1, rate:100, study:1
2026-06-16 05:21:34, MOVE, v:1, k:fup@esconde, mode:BACK
2026-06-16 05:20:44, MOVE, v:1, k:fup@esconde, mode:EDIT
2026-06-16 05:20:44, MOVE, v:1, k:fup@esconde, mode:EDIT
2026-06-16 05:21:18, MOVE, v:1, k:fup@esconde, mode:EDIT
2026-06-16 05:21:22, MOVE, v:1, k:fup@esconde, mode:EDIT
2026-06-16 05:38:15, MOVE, v:1, k:fup@zigzag, mode:DOWN
2026-06-16 05:38:17, MOVE, v:1, k:fup@zigzag, mode:PICK
2026-06-16 05:38:15, MOVE, v:1, k:fup@zigzag, mode:EDIT
2026-06-16 05:38:15, MOVE, v:1, k:fup@zigzag, mode:EDIT
2026-06-16 05:38:15, MOVE, v:1, k:fup@zigzag, mode:EDIT
2026-06-16 17:15:23, MOVE, v:1, k:fup@zigzag, mode:PICK
2026-06-16 18:02:31, MOVE, v:1, k:fup@zigzag, mode:EDIT
2026-06-16 18:03:40, EXEC, v:1, k:fup@zigzag, mode:FULL, rate:100, size:20
2026-06-16 18:03:49, SELF, v:1, k:fup@zigzag, self:1, rate:100, study:60
2026-06-16 18:03:49, EXEC, v:1, k:fup@zigzag, mode:FULL, rate:100
2026-06-16 18:03:50, EXEC, v:1, k:fup@zigzag, mode:FULL, rate:100
2026-06-16 18:03:50, EXEC, v:1, k:fup@zigzag, mode:FULL, rate:100
2026-06-16 18:03:37, MOVE, v:1, k:fup@zigzag, mode:EDIT
2026-06-16 18:03:50, MOVE, v:1, k:fup@zigzag, mode:EDIT
