2026-07-06 01:41:25, MOVE, v:1, k:fup@mmc, mode:DOWN
2026-07-06 01:41:25, MOVE, v:1, k:fup@mmc, mode:PICK
2026-07-06 01:42:34, EXEC, v:1, k:fup@mmc, mode:FULL, size:24, fail:COMP
2026-07-06 01:42:37, EXEC, v:1, k:fup@mmc, mode:FULL, fail:COMP
2026-07-06 01:42:38, EXEC, v:1, k:fup@mmc, mode:FULL, fail:COMP
2026-07-06 01:42:38, EXEC, v:1, k:fup@mmc, mode:FULL, fail:COMP
2026-07-06 01:43:11, EXEC, v:1, k:fup@mmc, mode:FULL, size:20, fail:COMP
2026-07-06 01:43:22, EXEC, v:1, k:fup@mmc, mode:FULL, rate:0, size:22
2026-07-06 01:43:22, EXEC, v:1, k:fup@mmc, mode:FULL, rate:0, size:22
2026-07-06 01:43:28, EXEC, v:1, k:fup@mmc, mode:FULL, rate:0, size:22
2026-07-06 01:43:30, EXEC, v:1, k:fup@mmc, mode:FULL, rate:0
2026-07-06 01:43:34, EXEC, v:1, k:fup@mmc, mode:FULL, rate:100, size:22
2026-07-06 01:43:40, SELF, v:1, k:fup@mmc, self:1, rate:100, study:5
2026-07-06 01:43:41, EXEC, v:1, k:fup@mmc, mode:FULL, rate:100
2026-07-06 01:43:42, MOVE, v:1, k:fup@mmc, mode:BACK
2026-07-06 01:43:52, MOVE, v:1, k:fup@linha, mode:DOWN
2026-07-06 01:43:52, MOVE, v:1, k:fup@linha, mode:PICK
2026-07-06 01:44:41, EXEC, v:1, k:fup@linha, mode:FULL, rate:0, size:32
2026-07-06 01:44:41, EXEC, v:1, k:fup@linha, mode:FULL, rate:0, size:32
2026-07-06 01:44:50, EXEC, v:1, k:fup@linha, mode:FULL, rate:0, size:32
2026-07-06 01:44:51, EXEC, v:1, k:fup@linha, mode:FULL, rate:0
2026-07-06 01:44:53, EXEC, v:1, k:fup@linha, mode:FULL, rate:0
2026-07-06 01:44:57, EXEC, v:1, k:fup@linha, mode:FULL, size:32, fail:COMP
2026-07-06 01:45:00, EXEC, v:1, k:fup@linha, mode:FULL, rate:100, size:32
2026-07-06 01:45:07, SELF, v:1, k:fup@linha, self:1, rate:100, study:5
2026-07-06 01:45:14, MOVE, v:1, k:fup@linha, mode:BACK
2026-07-06 01:45:16, MOVE, v:1, k:fup@vivo, mode:DOWN
2026-07-06 01:45:53, MOVE, v:1, k:fup@vivo, mode:PICK
2026-07-06 01:45:55, EXEC, v:1, k:fup@vivo, mode:FULL, rate:0, size:45
2026-07-06 01:46:07, EXEC, v:1, k:fup@vivo, mode:FULL, rate:0
2026-07-06 01:46:08, EXEC, v:1, k:fup@vivo, mode:FULL, rate:0
2026-07-06 01:41:25, MOVE, v:1, k:fup@mmc, mode:EDIT
2026-07-06 01:41:25, MOVE, v:1, k:fup@mmc, mode:EDIT
2026-07-06 01:41:25, MOVE, v:1, k:fup@mmc, mode:EDIT
2026-07-06 01:43:34, MOVE, v:1, k:fup@mmc, mode:EDIT
2026-07-06 01:43:41, MOVE, v:1, k:fup@mmc, mode:EDIT
2026-07-06 01:43:52, MOVE, v:1, k:fup@linha, mode:EDIT
2026-07-06 01:43:52, MOVE, v:1, k:fup@linha, mode:EDIT
2026-07-06 01:43:52, MOVE, v:1, k:fup@linha, mode:EDIT
2026-07-06 01:44:58, MOVE, v:1, k:fup@linha, mode:EDIT
2026-07-06 01:45:00, MOVE, v:1, k:fup@linha, mode:EDIT
2026-07-06 01:45:16, MOVE, v:1, k:fup@vivo, mode:EDIT
2026-07-06 01:45:16, MOVE, v:1, k:fup@vivo, mode:EDIT
2026-07-06 01:45:16, MOVE, v:1, k:fup@vivo, mode:EDIT
2026-07-06 01:46:06, MOVE, v:1, k:fup@vivo, mode:EDIT
2026-07-06 01:46:08, MOVE, v:1, k:fup@vivo, mode:EDIT
2026-07-06 01:47:55, EXEC, v:1, k:fup@vivo, mode:FULL, rate:0, size:44
2026-07-06 01:48:15, MOVE, v:1, k:fup@vivo, mode:BACK
2026-07-06 01:48:19, MOVE, v:1, k:fup@decompor, mode:DOWN
2026-07-06 01:48:53, MOVE, v:1, k:fup@decompor, mode:PICK
2026-07-06 01:48:53, EXEC, v:1, k:fup@decompor, mode:FULL, rate:100, size:23
2026-07-06 01:48:59, SELF, v:1, k:fup@decompor, self:1, rate:100, study:5
2026-07-06 01:49:15, MOVE, v:1, k:fup@decompor, mode:BACK
2026-07-06 01:49:22, MOVE, v:1, k:fup@dominos, mode:DOWN
2026-07-06 01:49:50, MOVE, v:1, k:fup@dominos, mode:PICK
2026-07-06 01:49:53, EXEC, v:1, k:fup@dominos, mode:FULL, rate:100, size:29
2026-07-06 01:49:58, SELF, v:1, k:fup@dominos, self:1, rate:100, study:20
2026-07-06 01:49:59, EXEC, v:1, k:fup@dominos, mode:FULL, rate:100
2026-07-06 01:50:00, MOVE, v:1, k:fup@dominos, mode:BACK
2026-07-06 01:50:15, MOVE, v:1, k:fup@avesso, mode:DOWN
2026-07-06 01:50:39, MOVE, v:1, k:fup@avesso, mode:PICK
2026-07-06 01:50:41, EXEC, v:1, k:fup@avesso, mode:FULL, rate:100, size:41
2026-07-06 01:50:46, SELF, v:1, k:fup@avesso, self:1, rate:100, study:10
2026-07-06 01:50:46, EXEC, v:1, k:fup@avesso, mode:FULL, rate:100
2026-07-06 01:50:47, MOVE, v:1, k:fup@avesso, mode:BACK
2026-07-06 01:50:55, MOVE, v:1, k:fup@facil, mode:DOWN
2026-07-06 01:47:53, MOVE, v:1, k:fup@vivo, mode:EDIT
2026-07-06 01:47:55, MOVE, v:1, k:fup@vivo, mode:EDIT
2026-07-06 01:48:19, MOVE, v:1, k:fup@decompor, mode:EDIT
2026-07-06 01:48:19, MOVE, v:1, k:fup@decompor, mode:EDIT
2026-07-06 01:48:19, MOVE, v:1, k:fup@decompor, mode:EDIT
2026-07-06 01:48:52, MOVE, v:1, k:fup@decompor, mode:EDIT
2026-07-06 01:48:53, MOVE, v:1, k:fup@decompor, mode:EDIT
2026-07-06 01:49:22, MOVE, v:1, k:fup@dominos, mode:EDIT
2026-07-06 01:49:22, MOVE, v:1, k:fup@dominos, mode:EDIT
2026-07-06 01:49:22, MOVE, v:1, k:fup@dominos, mode:EDIT
2026-07-06 01:49:22, MOVE, v:1, k:fup@dominos, mode:EDIT
2026-07-06 01:49:22, MOVE, v:1, k:fup@dominos, mode:EDIT
2026-07-06 01:49:50, MOVE, v:1, k:fup@dominos, mode:EDIT
2026-07-06 01:49:59, MOVE, v:1, k:fup@dominos, mode:EDIT
2026-07-06 01:50:15, MOVE, v:1, k:fup@avesso, mode:EDIT
2026-07-06 01:50:15, MOVE, v:1, k:fup@avesso, mode:EDIT
2026-07-06 01:50:15, MOVE, v:1, k:fup@avesso, mode:EDIT
2026-07-06 01:50:39, MOVE, v:1, k:fup@avesso, mode:EDIT
2026-07-06 01:50:46, MOVE, v:1, k:fup@avesso, mode:EDIT
2026-07-06 01:50:55, MOVE, v:1, k:fup@facil, mode:EDIT
2026-07-06 01:50:55, MOVE, v:1, k:fup@facil, mode:EDIT
2026-07-06 01:50:55, MOVE, v:1, k:fup@facil, mode:EDIT
2026-07-06 01:50:55, MOVE, v:1, k:fup@facil, mode:EDIT
2026-07-06 01:51:28, MOVE, v:1, k:fup@facil, mode:PICK
2026-07-06 01:51:30, EXEC, v:1, k:fup@facil, mode:FULL, rate:100, size:33
2026-07-06 01:51:36, SELF, v:1, k:fup@facil, self:1, rate:100, study:30
2026-07-06 01:51:36, EXEC, v:1, k:fup@facil, mode:FULL, rate:100
2026-07-06 01:51:37, EXEC, v:1, k:fup@facil, mode:FULL, rate:100
2026-07-06 01:51:37, MOVE, v:1, k:fup@facil, mode:BACK
2026-07-06 01:51:53, MOVE, v:1, k:fup@paredes, mode:DOWN
2026-07-06 01:52:23, MOVE, v:1, k:fup@paredes, mode:PICK
2026-07-06 01:52:24, EXEC, v:1, k:fup@paredes, mode:FULL, rate:100, size:23
2026-07-06 01:52:31, SELF, v:1, k:fup@paredes, self:1, rate:100
2026-07-06 01:52:32, EXEC, v:1, k:fup@paredes, mode:FULL, rate:100
2026-07-06 01:52:33, MOVE, v:1, k:fup@paredes, mode:BACK
2026-07-06 01:52:41, MOVE, v:1, k:fup@policial, mode:DOWN
2026-07-06 01:53:12, MOVE, v:1, k:fup@policial, mode:PICK
2026-07-06 01:53:13, EXEC, v:1, k:fup@policial, mode:FULL, rate:100, size:31
2026-07-06 01:53:19, SELF, v:1, k:fup@policial, self:1, rate:100, study:10
2026-07-06 01:53:20, MOVE, v:1, k:fup@policial, mode:BACK
2026-07-06 01:53:27, MOVE, v:1, k:fup@vacina, mode:DOWN
2026-07-06 01:53:28, MOVE, v:1, k:fup@vacina, mode:PICK
2026-07-06 01:54:05, EXEC, v:1, k:fup@vacina, mode:FULL, rate:100, size:46
2026-07-06 01:54:12, SELF, v:1, k:fup@vacina, self:1, rate:100, study:20
2026-07-06 01:54:13, MOVE, v:1, k:fup@vacina, mode:BACK
2026-07-06 01:54:23, MOVE, v:1, k:fup@mediana, mode:DOWN
2026-07-06 01:54:53, MOVE, v:1, k:fup@mediana, mode:PICK
2026-07-06 01:54:55, EXEC, v:1, k:fup@mediana, mode:FULL, rate:100, size:33
2026-07-06 01:55:00, SELF, v:1, k:fup@mediana, self:1, rate:100, study:30
2026-07-06 01:55:02, MOVE, v:1, k:fup@mediana, mode:BACK
2026-07-06 01:55:10, MOVE, v:1, k:fup@indices, mode:DOWN
2026-07-06 01:55:30, MOVE, v:1, k:fup@indices, mode:PICK
2026-07-06 01:55:31, EXEC, v:1, k:fup@indices, mode:FULL, size:52, fail:COMP
2026-07-06 01:55:53, EXEC, v:1, k:fup@indices, mode:FULL, rate:0, size:33
2026-07-06 01:51:28, MOVE, v:1, k:fup@facil, mode:EDIT
2026-07-06 01:51:36, MOVE, v:1, k:fup@facil, mode:EDIT
2026-07-06 01:51:53, MOVE, v:1, k:fup@paredes, mode:EDIT
2026-07-06 01:51:53, MOVE, v:1, k:fup@paredes, mode:EDIT
2026-07-06 01:51:53, MOVE, v:1, k:fup@paredes, mode:EDIT
2026-07-06 01:52:23, MOVE, v:1, k:fup@paredes, mode:EDIT
2026-07-06 01:52:32, MOVE, v:1, k:fup@paredes, mode:EDIT
2026-07-06 01:52:40, MOVE, v:1, k:fup@policial, mode:EDIT
2026-07-06 01:52:40, MOVE, v:1, k:fup@policial, mode:EDIT
2026-07-06 01:52:41, MOVE, v:1, k:fup@policial, mode:EDIT
2026-07-06 01:53:12, MOVE, v:1, k:fup@policial, mode:EDIT
2026-07-06 01:53:13, MOVE, v:1, k:fup@policial, mode:EDIT
2026-07-06 01:53:27, MOVE, v:1, k:fup@vacina, mode:EDIT
2026-07-06 01:53:27, MOVE, v:1, k:fup@vacina, mode:EDIT
2026-07-06 01:53:27, MOVE, v:1, k:fup@vacina, mode:EDIT
2026-07-06 01:54:05, MOVE, v:1, k:fup@vacina, mode:EDIT
2026-07-06 01:54:05, MOVE, v:1, k:fup@vacina, mode:EDIT
2026-07-06 01:54:23, MOVE, v:1, k:fup@mediana, mode:EDIT
2026-07-06 01:54:23, MOVE, v:1, k:fup@mediana, mode:EDIT
2026-07-06 01:54:23, MOVE, v:1, k:fup@mediana, mode:EDIT
2026-07-06 01:54:53, MOVE, v:1, k:fup@mediana, mode:EDIT
2026-07-06 01:54:55, MOVE, v:1, k:fup@mediana, mode:EDIT
2026-07-06 01:55:10, MOVE, v:1, k:fup@indices, mode:EDIT
2026-07-06 01:55:10, MOVE, v:1, k:fup@indices, mode:EDIT
2026-07-06 01:55:10, MOVE, v:1, k:fup@indices, mode:EDIT
2026-07-06 01:55:52, MOVE, v:1, k:fup@indices, mode:EDIT
2026-07-06 01:55:53, MOVE, v:1, k:fup@indices, mode:EDIT
2026-07-06 01:56:25, EXEC, v:1, k:fup@indices, mode:FULL, rate:0, size:38
2026-07-06 01:56:32, MOVE, v:1, k:fup@indices, mode:BACK
2026-07-06 01:56:37, MOVE, v:1, k:fup@trilhas, mode:DOWN
2026-07-06 01:57:13, MOVE, v:1, k:fup@trilhas, mode:PICK
2026-07-06 01:57:16, EXEC, v:1, k:fup@trilhas, mode:FULL, rate:100, size:51
2026-07-06 01:57:25, SELF, v:1, k:fup@trilhas, self:1, rate:100, study:10
2026-07-06 01:57:26, EXEC, v:1, k:fup@trilhas, mode:FULL, rate:100
2026-07-06 01:57:27, MOVE, v:1, k:fup@trilhas, mode:BACK
2026-07-06 01:57:40, MOVE, v:1, k:fup@avesso2, mode:DOWN
2026-07-06 01:58:19, MOVE, v:1, k:fup@avesso2, mode:PICK
2026-07-06 01:58:20, EXEC, v:1, k:fup@avesso2, mode:FULL, rate:100, size:44
2026-07-06 01:58:26, SELF, v:1, k:fup@avesso2, self:1, rate:100, study:10
2026-07-06 01:58:27, MOVE, v:1, k:fup@avesso2, mode:BACK
2026-07-06 01:58:35, MOVE, v:1, k:fup@multi_mmc, mode:DOWN
2026-07-06 01:59:04, MOVE, v:1, k:fup@multi_mmc, mode:PICK
2026-07-06 01:59:05, EXEC, v:1, k:fup@multi_mmc, mode:FULL, rate:66, size:34
2026-07-06 02:01:08, EXEC, v:1, k:fup@multi_mmc, mode:FULL, size:18, fail:COMP
2026-07-06 02:01:09, EXEC, v:1, k:fup@multi_mmc, mode:FULL, fail:COMP
2026-07-06 02:01:10, EXEC, v:1, k:fup@multi_mmc, mode:FULL, fail:COMP
2026-07-06 02:01:11, EXEC, v:1, k:fup@multi_mmc, mode:FULL, fail:COMP
2026-07-06 01:56:25, MOVE, v:1, k:fup@indices, mode:EDIT
2026-07-06 01:56:25, MOVE, v:1, k:fup@indices, mode:EDIT
2026-07-06 01:56:37, MOVE, v:1, k:fup@trilhas, mode:EDIT
2026-07-06 01:56:37, MOVE, v:1, k:fup@trilhas, mode:EDIT
2026-07-06 01:56:37, MOVE, v:1, k:fup@trilhas, mode:EDIT
2026-07-06 01:56:37, MOVE, v:1, k:fup@trilhas, mode:EDIT
2026-07-06 01:57:13, MOVE, v:1, k:fup@trilhas, mode:EDIT
2026-07-06 01:57:25, MOVE, v:1, k:fup@trilhas, mode:EDIT
2026-07-06 01:57:40, MOVE, v:1, k:fup@avesso2, mode:EDIT
2026-07-06 01:57:40, MOVE, v:1, k:fup@avesso2, mode:EDIT
2026-07-06 01:57:40, MOVE, v:1, k:fup@avesso2, mode:EDIT
2026-07-06 01:58:13, MOVE, v:1, k:fup@avesso2, mode:EDIT
2026-07-06 01:58:20, MOVE, v:1, k:fup@avesso2, mode:EDIT
2026-07-06 01:58:35, MOVE, v:1, k:fup@multi_mmc, mode:EDIT
2026-07-06 01:58:35, MOVE, v:1, k:fup@multi_mmc, mode:EDIT
2026-07-06 01:58:35, MOVE, v:1, k:fup@multi_mmc, mode:EDIT
2026-07-06 02:01:15, MOVE, v:1, k:fup@multi_mmc, mode:EDIT
2026-07-06 01:59:05, MOVE, v:1, k:fup@multi_mmc, mode:EDIT
2026-07-06 02:01:22, EXEC, v:1, k:fup@multi_mmc, mode:FULL, size:22, fail:COMP
2026-07-06 02:01:23, EXEC, v:1, k:fup@multi_mmc, mode:FULL, fail:COMP
2026-07-06 02:01:51, EXEC, v:1, k:fup@multi_mmc, mode:FULL, fail:COMP
2026-07-06 02:02:08, MOVE, v:1, k:fup@multi_mmc, mode:BACK
2026-07-06 02:02:10, MOVE, v:1, k:fup@agua, mode:DOWN
2026-07-06 02:02:42, MOVE, v:1, k:fup@agua, mode:PICK
2026-07-06 02:02:42, EXEC, v:1, k:fup@agua, mode:FULL, rate:100, size:27
2026-07-06 02:02:43, EXEC, v:1, k:fup@agua, mode:FULL, rate:100
2026-07-06 02:02:49, SELF, v:1, k:fup@agua, self:1, rate:100, study:30
2026-07-06 02:02:50, MOVE, v:1, k:fup@agua, mode:BACK
2026-07-06 02:02:58, MOVE, v:1, k:fup@viciadas, mode:DOWN
2026-07-06 02:02:59, MOVE, v:1, k:fup@viciadas, mode:PICK
2026-07-06 02:03:01, EXEC, v:1, k:fup@viciadas, mode:FULL, rate:0, size:5
2026-07-06 02:03:36, EXEC, v:1, k:fup@viciadas, mode:FULL, rate:100, size:49
2026-07-06 02:03:43, SELF, v:1, k:fup@viciadas, self:1, rate:100, study:20
2026-07-06 02:03:43, EXEC, v:1, k:fup@viciadas, mode:FULL, rate:100
2026-07-06 02:03:49, MOVE, v:1, k:fup@viciadas, mode:BACK
2026-07-06 02:04:09, MOVE, v:1, k:fup@josephus, mode:DOWN
2026-07-06 02:04:47, MOVE, v:1, k:fup@josephus, mode:PICK
2026-07-06 02:04:48, EXEC, v:1, k:fup@josephus, mode:FULL, rate:100, size:39
2026-07-06 02:04:59, SELF, v:1, k:fup@josephus, self:1, rate:100, study:20
2026-07-06 02:05:01, MOVE, v:1, k:fup@josephus, mode:BACK
2026-07-06 02:05:28, MOVE, v:1, k:fup@xuxa, mode:DOWN
2026-07-06 02:05:28, MOVE, v:1, k:fup@xuxa, mode:PICK
2026-07-06 02:05:30, EXEC, v:1, k:fup@xuxa, mode:FULL, rate:0, size:5
2026-07-06 02:01:51, MOVE, v:1, k:fup@multi_mmc, mode:EDIT
2026-07-06 02:02:10, MOVE, v:1, k:fup@agua, mode:EDIT
2026-07-06 02:02:10, MOVE, v:1, k:fup@agua, mode:EDIT
2026-07-06 02:02:10, MOVE, v:1, k:fup@agua, mode:EDIT
2026-07-06 02:02:42, MOVE, v:1, k:fup@agua, mode:EDIT
2026-07-06 02:02:43, MOVE, v:1, k:fup@agua, mode:EDIT
2026-07-06 02:02:58, MOVE, v:1, k:fup@viciadas, mode:EDIT
2026-07-06 02:02:58, MOVE, v:1, k:fup@viciadas, mode:EDIT
2026-07-06 02:02:58, MOVE, v:1, k:fup@viciadas, mode:EDIT
2026-07-06 02:03:43, MOVE, v:1, k:fup@viciadas, mode:EDIT
2026-07-06 02:03:36, MOVE, v:1, k:fup@viciadas, mode:EDIT
2026-07-06 02:04:09, MOVE, v:1, k:fup@josephus, mode:EDIT
2026-07-06 02:04:09, MOVE, v:1, k:fup@josephus, mode:EDIT
2026-07-06 02:04:09, MOVE, v:1, k:fup@josephus, mode:EDIT
2026-07-06 02:04:47, MOVE, v:1, k:fup@josephus, mode:EDIT
2026-07-06 02:04:48, MOVE, v:1, k:fup@josephus, mode:EDIT
2026-07-06 02:05:28, MOVE, v:1, k:fup@xuxa, mode:EDIT
2026-07-06 02:05:28, MOVE, v:1, k:fup@xuxa, mode:EDIT
2026-07-06 02:05:28, MOVE, v:1, k:fup@xuxa, mode:EDIT
2026-07-06 02:05:28, MOVE, v:1, k:fup@xuxa, mode:EDIT
2026-07-06 02:05:30, MOVE, v:1, k:fup@xuxa, mode:EDIT
2026-07-06 02:06:18, EXEC, v:1, k:fup@xuxa, mode:FULL, rate:100, size:23
2026-07-06 02:06:29, SELF, v:1, k:fup@xuxa, self:1, rate:100, study:10
2026-07-06 02:06:30, MOVE, v:1, k:fup@xuxa, mode:BACK
2026-07-06 02:06:17, MOVE, v:1, k:fup@xuxa, mode:EDIT
2026-07-06 02:06:18, MOVE, v:1, k:fup@xuxa, mode:EDIT
2026-07-06 02:17:57, MOVE, v:1, k:fup@inverte, mode:DOWN
2026-07-06 02:18:54, MOVE, v:1, k:fup@inverte, mode:PICK
2026-07-06 02:18:55, EXEC, v:1, k:fup@inverte, mode:FULL, rate:100, size:16
2026-07-06 02:19:02, SELF, v:1, k:fup@inverte, self:1, rate:100, study:5
2026-07-06 02:19:03, EXEC, v:1, k:fup@inverte, mode:FULL, rate:100
2026-07-06 02:19:03, EXEC, v:1, k:fup@inverte, mode:FULL, rate:100
2026-07-06 02:19:04, MOVE, v:1, k:fup@inverte, mode:BACK
2026-07-06 02:19:08, MOVE, v:1, k:fup@substring, mode:DOWN
2026-07-06 02:20:08, MOVE, v:1, k:fup@substring, mode:PICK
2026-07-06 02:20:09, EXEC, v:1, k:fup@substring, mode:FULL, rate:71, size:33
2026-07-06 02:17:57, MOVE, v:1, k:fup@inverte, mode:EDIT
2026-07-06 02:17:57, MOVE, v:1, k:fup@inverte, mode:EDIT
2026-07-06 02:17:57, MOVE, v:1, k:fup@inverte, mode:EDIT
2026-07-06 02:18:55, MOVE, v:1, k:fup@inverte, mode:EDIT
2026-07-06 02:19:03, MOVE, v:1, k:fup@inverte, mode:EDIT
2026-07-06 02:19:08, MOVE, v:1, k:fup@substring, mode:EDIT
2026-07-06 02:19:08, MOVE, v:1, k:fup@substring, mode:EDIT
2026-07-06 02:19:08, MOVE, v:1, k:fup@substring, mode:EDIT
2026-07-06 02:20:08, MOVE, v:1, k:fup@substring, mode:EDIT
2026-07-06 02:20:09, MOVE, v:1, k:fup@substring, mode:EDIT
2026-07-06 02:21:38, EXEC, v:1, k:fup@substring, mode:FULL, rate:100, size:35
2026-07-06 02:21:44, SELF, v:1, k:fup@substring, self:1, rate:100, study:5
2026-07-06 02:21:44, EXEC, v:1, k:fup@substring, mode:FULL, rate:100
2026-07-06 02:21:45, EXEC, v:1, k:fup@substring, mode:FULL, rate:100
2026-07-06 02:21:45, MOVE, v:1, k:fup@substring, mode:BACK
2026-07-06 02:21:48, MOVE, v:1, k:fup@leds, mode:DOWN
2026-07-06 02:22:27, MOVE, v:1, k:fup@leds, mode:PICK
2026-07-06 02:22:29, EXEC, v:1, k:fup@leds, mode:FULL, rate:100, size:22
2026-07-06 02:22:35, SELF, v:1, k:fup@leds, self:1, rate:100, study:10
2026-07-06 02:22:36, MOVE, v:1, k:fup@leds, mode:BACK
2026-07-06 02:22:44, MOVE, v:1, k:fup@ru, mode:DOWN
2026-07-06 02:23:28, MOVE, v:1, k:fup@ru, mode:PICK
2026-07-06 02:23:29, EXEC, v:1, k:fup@ru, mode:FULL, rate:100, size:39
2026-07-06 02:23:35, SELF, v:1, k:fup@ru, self:1, rate:100, study:10
2026-07-06 02:23:35, EXEC, v:1, k:fup@ru, mode:FULL, rate:100
2026-07-06 02:23:36, MOVE, v:1, k:fup@ru, mode:BACK
2026-07-06 02:23:42, MOVE, v:1, k:fup@gritando, mode:DOWN
2026-07-06 02:24:44, MOVE, v:1, k:fup@gritando, mode:PICK
2026-07-06 02:24:45, EXEC, v:1, k:fup@gritando, mode:FULL, rate:0, size:28
2026-07-06 02:24:52, EXEC, v:1, k:fup@gritando, mode:FULL, size:28, fail:COMP
2026-07-06 02:25:01, EXEC, v:1, k:fup@gritando, mode:FULL, rate:0, size:28
2026-07-06 02:21:38, MOVE, v:1, k:fup@substring, mode:EDIT
2026-07-06 02:21:45, MOVE, v:1, k:fup@substring, mode:EDIT
2026-07-06 02:21:48, MOVE, v:1, k:fup@leds, mode:EDIT
2026-07-06 02:21:48, MOVE, v:1, k:fup@leds, mode:EDIT
2026-07-06 02:21:48, MOVE, v:1, k:fup@leds, mode:EDIT
2026-07-06 02:21:48, MOVE, v:1, k:fup@leds, mode:EDIT
2026-07-06 02:22:26, MOVE, v:1, k:fup@leds, mode:EDIT
2026-07-06 02:22:28, MOVE, v:1, k:fup@leds, mode:EDIT
2026-07-06 02:22:44, MOVE, v:1, k:fup@ru, mode:EDIT
2026-07-06 02:22:44, MOVE, v:1, k:fup@ru, mode:EDIT
2026-07-06 02:22:44, MOVE, v:1, k:fup@ru, mode:EDIT
2026-07-06 02:23:28, MOVE, v:1, k:fup@ru, mode:EDIT
2026-07-06 02:23:35, MOVE, v:1, k:fup@ru, mode:EDIT
2026-07-06 02:23:42, MOVE, v:1, k:fup@gritando, mode:EDIT
2026-07-06 02:23:42, MOVE, v:1, k:fup@gritando, mode:EDIT
2026-07-06 02:23:42, MOVE, v:1, k:fup@gritando, mode:EDIT
2026-07-06 02:25:07, MOVE, v:1, k:fup@gritando, mode:EDIT
2026-07-06 02:25:01, MOVE, v:1, k:fup@gritando, mode:EDIT
2026-07-06 02:28:39, EXEC, v:1, k:fup@gritando, mode:FULL, rate:100, size:28
2026-07-06 02:28:44, SELF, v:1, k:fup@gritando, self:1, rate:100, study:5
2026-07-06 02:28:45, MOVE, v:1, k:fup@gritando, mode:BACK
2026-07-06 02:28:39, MOVE, v:1, k:fup@gritando, mode:EDIT
2026-07-06 02:31:37, MOVE, v:1, k:fup@amora, mode:DOWN
2026-07-06 02:32:12, MOVE, v:1, k:fup@amora, mode:PICK
2026-07-06 02:32:12, EXEC, v:1, k:fup@amora, mode:FULL, rate:100, size:28
2026-07-06 02:32:13, EXEC, v:1, k:fup@amora, mode:FULL, rate:100
2026-07-06 02:32:19, SELF, v:1, k:fup@amora, self:1, rate:100, study:10
2026-07-06 02:32:20, MOVE, v:1, k:fup@amora, mode:BACK
2026-07-06 02:32:27, MOVE, v:1, k:fup@traficantes, mode:DOWN
2026-07-06 02:32:28, MOVE, v:1, k:fup@traficantes, mode:PICK
2026-07-06 02:33:08, EXEC, v:1, k:fup@traficantes, mode:FULL, rate:100, size:34
2026-07-06 02:33:14, SELF, v:1, k:fup@traficantes, self:1, rate:100, study:10
2026-07-06 02:33:15, MOVE, v:1, k:fup@traficantes, mode:BACK
2026-07-06 02:33:25, MOVE, v:1, k:fup@fresco, mode:DOWN
2026-07-06 02:33:26, MOVE, v:1, k:fup@fresco, mode:PICK
2026-07-06 02:34:30, EXEC, v:1, k:fup@fresco, mode:FULL, rate:75, size:43
2026-07-06 02:34:30, EXEC, v:1, k:fup@fresco, mode:FULL, rate:75
2026-07-06 02:35:47, EXEC, v:1, k:fup@fresco, mode:FULL, rate:75, size:43
2026-07-06 02:35:49, EXEC, v:1, k:fup@fresco, mode:FULL, rate:75
2026-07-06 02:35:50, MOVE, v:1, k:fup@fresco, mode:BACK
2026-07-06 02:35:57, MOVE, v:1, k:fup@gamados, mode:DOWN
2026-07-06 02:31:37, MOVE, v:1, k:fup@amora, mode:EDIT
2026-07-06 02:31:37, MOVE, v:1, k:fup@amora, mode:EDIT
2026-07-06 02:31:37, MOVE, v:1, k:fup@amora, mode:EDIT
2026-07-06 02:32:12, MOVE, v:1, k:fup@amora, mode:EDIT
2026-07-06 02:32:13, MOVE, v:1, k:fup@amora, mode:EDIT
2026-07-06 02:32:27, MOVE, v:1, k:fup@traficantes, mode:EDIT
2026-07-06 02:32:27, MOVE, v:1, k:fup@traficantes, mode:EDIT
2026-07-06 02:32:27, MOVE, v:1, k:fup@traficantes, mode:EDIT
2026-07-06 02:33:07, MOVE, v:1, k:fup@traficantes, mode:EDIT
2026-07-06 02:33:08, MOVE, v:1, k:fup@traficantes, mode:EDIT
2026-07-06 02:33:25, MOVE, v:1, k:fup@fresco, mode:EDIT
2026-07-06 02:33:25, MOVE, v:1, k:fup@fresco, mode:EDIT
2026-07-06 02:33:25, MOVE, v:1, k:fup@fresco, mode:EDIT
2026-07-06 02:35:47, MOVE, v:1, k:fup@fresco, mode:EDIT
2026-07-06 02:35:49, MOVE, v:1, k:fup@fresco, mode:EDIT
2026-07-06 02:35:57, MOVE, v:1, k:fup@gamados, mode:EDIT
2026-07-06 02:35:57, MOVE, v:1, k:fup@gamados, mode:EDIT
2026-07-06 02:35:57, MOVE, v:1, k:fup@gamados, mode:EDIT
2026-07-06 02:35:57, MOVE, v:1, k:fup@gamados, mode:EDIT
2026-07-06 02:36:49, MOVE, v:1, k:fup@gamados, mode:PICK
2026-07-06 02:36:50, EXEC, v:1, k:fup@gamados, mode:FULL, rate:100, size:30
2026-07-06 02:36:55, SELF, v:1, k:fup@gamados, self:1, rate:100, study:20
2026-07-06 02:36:56, MOVE, v:1, k:fup@gamados, mode:BACK
2026-07-06 02:37:00, MOVE, v:1, k:fup@mario, mode:DOWN
2026-07-06 02:38:01, MOVE, v:1, k:fup@mario, mode:PICK
2026-07-06 02:38:02, EXEC, v:1, k:fup@mario, mode:FULL, rate:100, size:29
2026-07-06 02:38:07, SELF, v:1, k:fup@mario, self:1, rate:100, study:10
2026-07-06 02:38:08, EXEC, v:1, k:fup@mario, mode:FULL, rate:100
2026-07-06 02:38:08, MOVE, v:1, k:fup@mario, mode:BACK
2026-07-06 02:38:18, MOVE, v:1, k:fup@valentina, mode:DOWN
2026-07-06 02:38:55, MOVE, v:1, k:fup@vcvcvc, mode:DOWN
2026-07-06 02:38:55, MOVE, v:1, k:fup@vcvcvc, mode:PICK
2026-07-06 02:38:56, EXEC, v:1, k:fup@vcvcvc, mode:FULL, rate:0, size:5
2026-07-06 02:38:57, EXEC, v:1, k:fup@vcvcvc, mode:FULL, rate:0
2026-07-06 02:38:58, EXEC, v:1, k:fup@vcvcvc, mode:FULL, rate:0
2026-07-06 02:39:03, MOVE, v:1, k:fup@vcvcvc, mode:BACK
2026-07-06 02:39:07, MOVE, v:1, k:fup@valentina, mode:PICK
2026-07-06 02:39:08, EXEC, v:1, k:fup@valentina, mode:FULL, rate:100, size:21
2026-07-06 02:39:09, EXEC, v:1, k:fup@valentina, mode:FULL, rate:100
2026-07-06 02:39:10, MOVE, v:1, k:fup@valentina, mode:BACK
2026-07-06 02:40:01, MOVE, v:1, k:fup@valentina, mode:PICK
2026-07-06 02:40:02, EXEC, v:1, k:fup@valentina, mode:FULL, rate:100
2026-07-06 02:40:03, MOVE, v:1, k:fup@valentina, mode:BACK
2026-07-06 02:40:18, MOVE, v:1, k:fup@eribelton, mode:DOWN
2026-07-06 02:40:18, MOVE, v:1, k:fup@eribelton, mode:PICK
2026-07-06 02:36:49, MOVE, v:1, k:fup@gamados, mode:EDIT
2026-07-06 02:36:49, MOVE, v:1, k:fup@gamados, mode:EDIT
2026-07-06 02:37:00, MOVE, v:1, k:fup@mario, mode:EDIT
2026-07-06 02:37:00, MOVE, v:1, k:fup@mario, mode:EDIT
2026-07-06 02:37:00, MOVE, v:1, k:fup@mario, mode:EDIT
2026-07-06 02:38:01, MOVE, v:1, k:fup@mario, mode:EDIT
2026-07-06 02:38:08, MOVE, v:1, k:fup@mario, mode:EDIT
2026-07-06 02:38:18, MOVE, v:1, k:fup@valentina, mode:EDIT
2026-07-06 02:38:18, MOVE, v:1, k:fup@valentina, mode:EDIT
2026-07-06 02:38:18, MOVE, v:1, k:fup@valentina, mode:EDIT
2026-07-06 02:38:54, MOVE, v:1, k:fup@valentina, mode:EDIT
2026-07-06 02:38:55, MOVE, v:1, k:fup@vcvcvc, mode:EDIT
2026-07-06 02:38:55, MOVE, v:1, k:fup@vcvcvc, mode:EDIT
2026-07-06 02:38:55, MOVE, v:1, k:fup@vcvcvc, mode:EDIT
2026-07-06 02:38:57, MOVE, v:1, k:fup@vcvcvc, mode:EDIT
2026-07-06 02:40:02, MOVE, v:1, k:fup@valentina, mode:EDIT
2026-07-06 02:40:01, MOVE, v:1, k:fup@vcvcvc, mode:EDIT
2026-07-06 02:40:18, MOVE, v:1, k:fup@eribelton, mode:EDIT
2026-07-06 02:40:18, MOVE, v:1, k:fup@eribelton, mode:EDIT
2026-07-06 02:40:18, MOVE, v:1, k:fup@eribelton, mode:EDIT
2026-07-06 02:40:18, MOVE, v:1, k:fup@eribelton, mode:EDIT
2026-07-06 02:41:38, MOVE, v:1, k:fup@eribelton, mode:BACK
2026-07-06 02:41:44, MOVE, v:1, k:fup@disfarce, mode:DOWN
2026-07-06 02:42:26, MOVE, v:1, k:fup@disfarce, mode:PICK
2026-07-06 02:42:27, EXEC, v:1, k:fup@disfarce, mode:FULL, rate:100, size:46
2026-07-06 02:42:36, SELF, v:1, k:fup@disfarce, self:1, rate:100, study:30
2026-07-06 02:42:37, MOVE, v:1, k:fup@disfarce, mode:BACK
2026-07-06 02:42:45, MOVE, v:1, k:fup@chefe, mode:DOWN
2026-07-06 02:43:26, MOVE, v:1, k:fup@chefe, mode:PICK
2026-07-06 02:43:27, EXEC, v:1, k:fup@chefe, mode:FULL, rate:100, size:47
2026-07-06 02:43:33, SELF, v:1, k:fup@chefe, self:1, rate:100, study:10
2026-07-06 02:43:34, MOVE, v:1, k:fup@chefe, mode:BACK
2026-07-06 02:45:39, MOVE, v:1, k:fup@calipso, mode:DOWN
2026-07-06 02:41:44, MOVE, v:1, k:fup@disfarce, mode:EDIT
2026-07-06 02:41:44, MOVE, v:1, k:fup@disfarce, mode:EDIT
2026-07-06 02:41:44, MOVE, v:1, k:fup@disfarce, mode:EDIT
2026-07-06 02:42:26, MOVE, v:1, k:fup@disfarce, mode:EDIT
2026-07-06 02:42:27, MOVE, v:1, k:fup@disfarce, mode:EDIT
2026-07-06 02:42:45, MOVE, v:1, k:fup@chefe, mode:EDIT
2026-07-06 02:42:45, MOVE, v:1, k:fup@chefe, mode:EDIT
2026-07-06 02:42:45, MOVE, v:1, k:fup@chefe, mode:EDIT
2026-07-06 02:43:23, MOVE, v:1, k:fup@chefe, mode:EDIT
2026-07-06 02:43:27, MOVE, v:1, k:fup@chefe, mode:EDIT
2026-07-06 02:45:39, MOVE, v:1, k:fup@calipso, mode:EDIT
2026-07-06 02:45:39, MOVE, v:1, k:fup@calipso, mode:EDIT
2026-07-06 02:45:39, MOVE, v:1, k:fup@calipso, mode:EDIT
2026-07-06 02:47:10, MOVE, v:1, k:fup@calipso, mode:PICK
2026-07-06 02:47:12, EXEC, v:1, k:fup@calipso, mode:FULL, rate:0, size:41
2026-07-06 02:47:19, MOVE, v:1, k:fup@calipso, mode:EDIT
2026-07-06 02:47:11, MOVE, v:1, k:fup@calipso, mode:EDIT
2026-07-06 03:57:02, EXEC, v:1, k:fup@calipso, mode:FULL, rate:50, size:41
2026-07-06 03:57:04, EXEC, v:1, k:fup@calipso, mode:FULL, rate:50
2026-07-06 03:58:11, EXEC, v:1, k:fup@calipso, mode:FULL, rate:100, size:51
2026-07-06 03:58:18, SELF, v:1, k:fup@calipso, self:1, rate:100, study:50
2026-07-06 03:58:19, MOVE, v:1, k:fup@calipso, mode:BACK
2026-07-06 03:58:11, MOVE, v:1, k:fup@calipso, mode:EDIT
2026-07-06 03:58:11, MOVE, v:1, k:fup@calipso, mode:EDIT
2026-07-06 04:02:02, MOVE, v:1, k:fup@identificando, mode:DOWN
2026-07-06 04:02:03, MOVE, v:1, k:fup@identificando, mode:PICK
2026-07-06 04:04:19, EXEC, v:1, k:fup@identificando, mode:FULL, rate:100, size:43
2026-07-06 04:05:38, SELF, v:1, k:fup@identificando, self:1, rate:100, study:5
2026-07-06 04:05:39, MOVE, v:1, k:fup@identificando, mode:BACK
2026-07-06 04:05:49, MOVE, v:1, k:fup@krueguer, mode:DOWN
2026-07-06 04:02:02, MOVE, v:1, k:fup@identificando, mode:EDIT
2026-07-06 04:02:02, MOVE, v:1, k:fup@identificando, mode:EDIT
2026-07-06 04:02:02, MOVE, v:1, k:fup@identificando, mode:EDIT
2026-07-06 04:04:18, MOVE, v:1, k:fup@identificando, mode:EDIT
2026-07-06 04:04:19, MOVE, v:1, k:fup@identificando, mode:EDIT
2026-07-06 04:05:49, MOVE, v:1, k:fup@krueguer, mode:EDIT
2026-07-06 04:05:49, MOVE, v:1, k:fup@krueguer, mode:EDIT
2026-07-06 04:05:49, MOVE, v:1, k:fup@krueguer, mode:EDIT
2026-07-06 04:05:49, MOVE, v:1, k:fup@krueguer, mode:EDIT
2026-07-06 04:06:47, MOVE, v:1, k:fup@krueguer, mode:PICK
2026-07-06 04:06:48, EXEC, v:1, k:fup@krueguer, mode:FULL, rate:100, size:45
2026-07-06 04:06:52, SELF, v:1, k:fup@krueguer, self:1, rate:100
2026-07-06 04:06:59, MOVE, v:1, k:fup@krueguer, mode:BACK
2026-07-06 04:07:25, MOVE, v:1, k:fup@antimateria, mode:DOWN
2026-07-06 04:08:46, MOVE, v:1, k:fup@antimateria, mode:PICK
2026-07-06 04:08:47, EXEC, v:1, k:fup@antimateria, mode:FULL, rate:50, size:28
2026-07-06 04:10:39, EXEC, v:1, k:fup@antimateria, mode:FULL, rate:100, size:20
2026-07-06 04:10:43, SELF, v:1, k:fup@antimateria, self:1, rate:100
2026-07-06 04:10:45, MOVE, v:1, k:fup@antimateria, mode:BACK
2026-07-06 04:11:10, MOVE, v:1, k:fup@word, mode:DOWN
2026-07-06 04:06:46, MOVE, v:1, k:fup@krueguer, mode:EDIT
2026-07-06 04:06:48, MOVE, v:1, k:fup@krueguer, mode:EDIT
2026-07-06 04:08:43, MOVE, v:1, k:fup@antimateria, mode:EDIT
2026-07-06 04:07:25, MOVE, v:1, k:fup@antimateria, mode:EDIT
2026-07-06 04:07:25, MOVE, v:1, k:fup@antimateria, mode:EDIT
2026-07-06 04:10:38, MOVE, v:1, k:fup@antimateria, mode:EDIT
2026-07-06 04:10:39, MOVE, v:1, k:fup@antimateria, mode:EDIT
2026-07-06 04:11:10, MOVE, v:1, k:fup@word, mode:EDIT
2026-07-06 04:11:10, MOVE, v:1, k:fup@word, mode:EDIT
2026-07-06 04:11:10, MOVE, v:1, k:fup@word, mode:EDIT
2026-07-06 04:11:10, MOVE, v:1, k:fup@word, mode:EDIT
2026-07-06 04:13:13, MOVE, v:1, k:fup@word, mode:PICK
2026-07-06 04:13:13, EXEC, v:1, k:fup@word, mode:FULL, rate:0, size:63
2026-07-06 04:15:07, EXEC, v:1, k:fup@word, mode:FULL, rate:50, size:26
2026-07-06 04:15:07, MOVE, v:1, k:fup@word, mode:EDIT
2026-07-06 04:15:07, MOVE, v:1, k:fup@word, mode:EDIT
2026-07-06 04:18:13, MOVE, v:1, k:fup@word, mode:BACK
2026-07-06 04:19:30, MOVE, v:1, k:fup@word, mode:PICK
2026-07-06 04:19:31, EXEC, v:1, k:fup@word, mode:FULL, rate:50
