2026-06-20 14:07:49, MOVE, v:1, k:fup@colorido, mode:DOWN
2026-06-20 14:09:37, MOVE, v:1, k:fup@colorido, mode:PICK
2026-06-20 14:09:43, EXEC, v:1, k:fup@colorido, mode:FULL, rate:0, size:33
2026-06-20 14:10:35, EXEC, v:1, k:fup@colorido, mode:FULL, rate:0, size:40
2026-06-20 14:11:07, EXEC, v:1, k:fup@colorido, mode:FULL, rate:0, size:40
2026-06-20 14:11:12, EXEC, v:1, k:fup@colorido, mode:FULL, rate:0, size:40
2026-06-20 14:11:28, EXEC, v:1, k:fup@colorido, mode:FULL, rate:100
2026-06-20 14:11:39, SELF, v:1, k:fup@colorido, self:1, rate:100, study:10
2026-06-20 14:11:42, MOVE, v:1, k:fup@colorido, mode:BACK
2026-06-20 14:07:49, MOVE, v:1, k:fup@colorido, mode:EDIT
2026-06-20 14:07:49, MOVE, v:1, k:fup@colorido, mode:EDIT
2026-06-20 14:07:49, MOVE, v:1, k:fup@colorido, mode:EDIT
2026-06-20 14:11:12, MOVE, v:1, k:fup@colorido, mode:EDIT
2026-06-20 14:11:28, MOVE, v:1, k:fup@colorido, mode:EDIT
2026-06-20 14:12:27, MOVE, v:1, k:fup@concentra, mode:DOWN
2026-06-20 14:13:39, MOVE, v:1, k:fup@concentra, mode:PICK
2026-06-20 14:13:41, EXEC, v:1, k:fup@concentra, mode:FULL, rate:0, size:25
2026-06-20 14:13:41, EXEC, v:1, k:fup@concentra, mode:FULL, rate:0, size:25
2026-06-20 14:12:27, MOVE, v:1, k:fup@concentra, mode:EDIT
2026-06-20 14:12:27, MOVE, v:1, k:fup@concentra, mode:EDIT
2026-06-20 14:12:27, MOVE, v:1, k:fup@concentra, mode:EDIT
2026-06-20 14:14:39, MOVE, v:1, k:fup@concentra, mode:EDIT
2026-06-20 14:13:41, MOVE, v:1, k:fup@concentra, mode:EDIT
2026-06-20 14:18:36, EXEC, v:1, k:fup@concentra, mode:FULL, rate:0, size:26
2026-06-20 14:18:38, EXEC, v:1, k:fup@concentra, mode:FULL, rate:0
2026-06-20 14:18:47, EXEC, v:1, k:fup@concentra, mode:FULL, rate:0, size:26
2026-06-20 14:18:56, EXEC, v:1, k:fup@concentra, mode:FULL, rate:0, size:26
2026-06-20 14:19:08, EXEC, v:1, k:fup@concentra, mode:FULL, rate:0, size:26
2026-06-20 14:19:15, EXEC, v:1, k:fup@concentra, mode:FULL, rate:100, size:26
2026-06-20 14:19:32, SELF, v:1, k:fup@concentra, self:1, rate:100, study:10
2026-06-20 14:19:34, MOVE, v:1, k:fup@concentra, mode:BACK
2026-06-20 14:19:45, MOVE, v:1, k:fup@fuga, mode:DOWN
2026-06-20 14:19:15, MOVE, v:1, k:fup@concentra, mode:EDIT
2026-06-20 14:19:15, MOVE, v:1, k:fup@concentra, mode:EDIT
2026-06-20 14:19:45, MOVE, v:1, k:fup@fuga, mode:EDIT
2026-06-20 14:19:45, MOVE, v:1, k:fup@fuga, mode:EDIT
2026-06-20 14:19:45, MOVE, v:1, k:fup@fuga, mode:EDIT
2026-06-20 14:20:43, MOVE, v:1, k:fup@fuga, mode:EDIT
2026-06-20 14:25:27, MOVE, v:1, k:fup@fuga, mode:PICK
2026-06-20 14:25:29, EXEC, v:1, k:fup@fuga, mode:FULL, rate:100, size:30
2026-06-20 14:25:37, SELF, v:1, k:fup@fuga, self:1, rate:100, study:7
2026-06-20 14:25:38, EXEC, v:1, k:fup@fuga, mode:FULL, rate:100
2026-06-20 14:25:39, MOVE, v:1, k:fup@fuga, mode:BACK
2026-06-20 14:25:58, MOVE, v:1, k:fup@lotado, mode:DOWN
2026-06-20 14:25:38, MOVE, v:1, k:fup@fuga, mode:EDIT
2026-06-20 14:25:58, MOVE, v:1, k:fup@lotado, mode:EDIT
2026-06-20 14:25:58, MOVE, v:1, k:fup@lotado, mode:EDIT
2026-06-20 14:25:58, MOVE, v:1, k:fup@lotado, mode:EDIT
2026-06-20 14:26:50, MOVE, v:1, k:fup@lotado, mode:EDIT
2026-06-20 14:39:07, MOVE, v:1, k:fup@lotado, mode:PICK
2026-06-20 14:39:11, EXEC, v:1, k:fup@lotado, mode:FULL, rate:0, size:26
2026-06-20 14:40:46, EXEC, v:1, k:fup@lotado, mode:FULL, rate:100, size:24
2026-06-20 14:40:59, SELF, v:1, k:fup@lotado, self:1, rate:100, study:10
2026-06-20 14:41:01, MOVE, v:1, k:fup@lotado, mode:BACK
2026-06-20 14:42:01, MOVE, v:1, k:fup@spok, mode:DOWN
2026-06-20 14:40:46, MOVE, v:1, k:fup@lotado, mode:EDIT
2026-06-20 14:40:44, MOVE, v:1, k:fup@lotado, mode:EDIT
2026-06-20 14:42:01, MOVE, v:1, k:fup@spok, mode:EDIT
2026-06-20 14:42:01, MOVE, v:1, k:fup@spok, mode:EDIT
2026-06-20 14:42:01, MOVE, v:1, k:fup@spok, mode:EDIT
2026-06-20 14:42:02, MOVE, v:1, k:fup@spok, mode:EDIT
2026-06-20 14:43:03, MOVE, v:1, k:fup@spok, mode:PICK
2026-06-20 14:43:04, EXEC, v:1, k:fup@spok, mode:FULL, rate:100, size:29
2026-06-20 14:43:12, SELF, v:1, k:fup@spok, self:1, rate:100, study:10
2026-06-20 14:43:15, MOVE, v:1, k:fup@spok, mode:BACK
2026-06-20 14:43:32, MOVE, v:1, k:fup@sapinho, mode:DOWN
2026-06-20 14:44:04, MOVE, v:1, k:fup@sapinho, mode:PICK
2026-06-20 14:44:06, EXEC, v:1, k:fup@sapinho, mode:FULL, rate:0, size:28
2026-06-20 14:44:53, EXEC, v:1, k:fup@sapinho, mode:FULL, rate:100, size:22
2026-06-20 14:45:01, SELF, v:1, k:fup@sapinho, self:1, rate:100, study:5
2026-06-20 14:45:02, MOVE, v:1, k:fup@sapinho, mode:BACK
2026-06-20 14:45:28, MOVE, v:1, k:fup@fatores, mode:DOWN
2026-06-20 14:46:20, MOVE, v:1, k:fup@fatores, mode:PICK
2026-06-20 14:46:21, EXEC, v:1, k:fup@fatores, mode:FULL, rate:100, size:27
2026-06-20 14:46:28, SELF, v:1, k:fup@fatores, self:1, rate:100, study:5
2026-06-20 14:46:29, EXEC, v:1, k:fup@fatores, mode:FULL, rate:100
2026-06-20 14:46:30, MOVE, v:1, k:fup@fatores, mode:BACK
2026-06-20 14:42:56, MOVE, v:1, k:fup@spok, mode:EDIT
2026-06-20 14:43:04, MOVE, v:1, k:fup@spok, mode:EDIT
2026-06-20 14:43:32, MOVE, v:1, k:fup@sapinho, mode:EDIT
2026-06-20 14:43:32, MOVE, v:1, k:fup@sapinho, mode:EDIT
2026-06-20 14:43:32, MOVE, v:1, k:fup@sapinho, mode:EDIT
2026-06-20 14:44:53, MOVE, v:1, k:fup@sapinho, mode:EDIT
2026-06-20 14:44:53, MOVE, v:1, k:fup@sapinho, mode:EDIT
2026-06-20 14:45:28, MOVE, v:1, k:fup@fatores, mode:EDIT
2026-06-20 14:45:28, MOVE, v:1, k:fup@fatores, mode:EDIT
2026-06-20 14:45:28, MOVE, v:1, k:fup@fatores, mode:EDIT
2026-06-20 14:46:18, MOVE, v:1, k:fup@fatores, mode:EDIT
2026-06-20 14:46:29, MOVE, v:1, k:fup@fatores, mode:EDIT
2026-06-20 14:52:44, MOVE, v:1, k:fup@vet_i, mode:PICK
2026-06-20 14:52:46, EXEC, v:1, k:fup@vet_i, mode:FULL, rate:0, size:22
2026-06-20 14:53:43, EXEC, v:1, k:fup@vet_i, mode:FULL, rate:75, size:17
2026-06-20 14:53:45, EXEC, v:1, k:fup@vet_i, mode:FULL, rate:75
2026-06-20 14:54:16, EXEC, v:1, k:fup@vet_i, mode:FULL, rate:75, size:17
2026-06-20 14:54:17, EXEC, v:1, k:fup@vet_i, mode:FULL, rate:75
2026-06-20 14:54:18, EXEC, v:1, k:fup@vet_i, mode:FULL, rate:75
2026-06-20 14:54:19, EXEC, v:1, k:fup@vet_i, mode:FULL, rate:75
2026-06-20 14:54:20, EXEC, v:1, k:fup@vet_i, mode:FULL, rate:75
2026-06-20 14:54:20, MOVE, v:1, k:fup@vet_i, mode:EDIT
2026-06-20 14:54:16, MOVE, v:1, k:fup@vet_i, mode:EDIT
2026-06-20 15:02:00, EXEC, v:1, k:fup@vet_i, mode:FULL, rate:75, size:16
2026-06-20 15:02:03, EXEC, v:1, k:fup@vet_i, mode:FULL, rate:75
2026-06-20 15:02:28, MOVE, v:1, k:fup@vet_i, mode:EDIT
2026-06-20 15:02:03, MOVE, v:1, k:fup@vet_i, mode:EDIT
2026-06-20 15:02:32, EXEC, v:1, k:fup@vet_i, mode:FULL, rate:0, size:16
2026-06-20 15:02:36, EXEC, v:1, k:fup@vet_i, mode:FULL, rate:0
2026-06-20 15:02:42, EXEC, v:1, k:fup@vet_i, mode:FULL, rate:75, size:16
2026-06-20 15:04:12, EXEC, v:1, k:fup@vet_i, mode:FULL, rate:75, size:18
2026-06-20 15:04:48, EXEC, v:1, k:fup@vet_i, mode:FULL, rate:75
2026-06-20 15:05:30, EXEC, v:1, k:fup@vet_i, mode:FULL, rate:100, size:23
2026-06-20 15:05:41, SELF, v:1, k:fup@vet_i, self:1, rate:100, study:50
2026-06-20 15:05:42, MOVE, v:1, k:fup@vet_i, mode:BACK
2026-06-20 15:05:54, MOVE, v:1, k:fup@vet_ii, mode:PICK
2026-06-20 15:05:56, EXEC, v:1, k:fup@vet_ii, mode:FULL, rate:75
2026-06-20 15:06:52, EXEC, v:1, k:fup@vet_ii, mode:FULL, rate:0, size:23
2026-06-20 15:07:04, EXEC, v:1, k:fup@vet_ii, mode:FULL, rate:75, size:23
2026-06-20 15:07:19, EXEC, v:1, k:fup@vet_ii, mode:FULL, rate:25, size:23
2026-06-20 15:05:30, MOVE, v:1, k:fup@vet_i, mode:EDIT
2026-06-20 15:05:30, MOVE, v:1, k:fup@vet_i, mode:EDIT
2026-06-20 15:07:19, MOVE, v:1, k:fup@vet_ii, mode:EDIT
2026-06-20 15:07:18, MOVE, v:1, k:fup@vet_ii, mode:EDIT
2026-06-20 15:07:34, EXEC, v:1, k:fup@vet_ii, mode:FULL, rate:25, size:23
2026-06-20 15:07:45, EXEC, v:1, k:fup@vet_ii, mode:FULL, rate:25, size:23
2026-06-20 15:07:51, EXEC, v:1, k:fup@vet_ii, mode:FULL, rate:25, size:23
2026-06-20 15:07:57, EXEC, v:1, k:fup@vet_ii, mode:FULL, rate:25, size:23
2026-06-20 15:08:12, EXEC, v:1, k:fup@vet_ii, mode:FULL, rate:0, size:23
2026-06-20 15:08:18, EXEC, v:1, k:fup@vet_ii, mode:FULL, rate:75, size:23
2026-06-20 15:09:47, EXEC, v:1, k:fup@vet_ii, mode:FULL, rate:25, size:28
2026-06-20 15:10:02, EXEC, v:1, k:fup@vet_ii, mode:FULL, rate:25, size:28
2026-06-20 15:10:12, EXEC, v:1, k:fup@vet_ii, mode:FULL, rate:0, size:28
2026-06-20 15:10:46, EXEC, v:1, k:fup@vet_ii, mode:FULL, rate:100, size:22
2026-06-20 15:10:56, SELF, v:1, k:fup@vet_ii, self:1, rate:100, study:40
2026-06-20 15:10:57, MOVE, v:1, k:fup@vet_ii, mode:BACK
2026-06-20 15:11:43, MOVE, v:1, k:fup@vet_iii, mode:DOWN
2026-06-20 15:12:20, MOVE, v:1, k:fup@vet_iii, mode:PICK
2026-06-20 15:12:24, EXEC, v:1, k:fup@vet_iii, mode:FULL, rate:100, size:23
2026-06-20 15:10:45, MOVE, v:1, k:fup@vet_ii, mode:EDIT
2026-06-20 15:10:46, MOVE, v:1, k:fup@vet_ii, mode:EDIT
2026-06-20 15:11:43, MOVE, v:1, k:fup@vet_iii, mode:EDIT
2026-06-20 15:11:43, MOVE, v:1, k:fup@vet_iii, mode:EDIT
2026-06-20 15:11:43, MOVE, v:1, k:fup@vet_iii, mode:EDIT
2026-06-20 15:12:20, MOVE, v:1, k:fup@vet_iii, mode:EDIT
2026-06-20 15:12:23, MOVE, v:1, k:fup@vet_iii, mode:EDIT
2026-06-20 15:12:32, SELF, v:1, k:fup@vet_iii, self:1, rate:100, study:5
2026-06-20 15:12:32, EXEC, v:1, k:fup@vet_iii, mode:FULL, rate:100
2026-06-20 15:12:33, MOVE, v:1, k:fup@vet_iii, mode:BACK
2026-06-20 15:12:39, MOVE, v:1, k:fup@apertada, mode:DOWN
2026-06-20 15:12:41, MOVE, v:1, k:fup@apertada, mode:PICK
2026-06-20 15:12:32, MOVE, v:1, k:fup@vet_iii, mode:EDIT
2026-06-20 15:12:39, MOVE, v:1, k:fup@apertada, mode:EDIT
2026-06-20 15:12:39, MOVE, v:1, k:fup@apertada, mode:EDIT
2026-06-20 15:12:39, MOVE, v:1, k:fup@apertada, mode:EDIT
2026-06-20 15:12:39, MOVE, v:1, k:fup@apertada, mode:EDIT
2026-06-20 22:39:03, EXEC, v:1, k:fup@apertada, mode:FULL, rate:100, size:15
2026-06-20 22:39:14, SELF, v:1, k:fup@apertada, self:1, rate:100, study:10
2026-06-20 22:39:15, MOVE, v:1, k:fup@apertada, mode:BACK
2026-06-20 22:40:44, MOVE, v:1, k:fup@dieta, mode:DOWN
2026-06-20 22:41:39, MOVE, v:1, k:fup@dieta, mode:PICK
2026-06-20 22:41:40, EXEC, v:1, k:fup@dieta, mode:FULL, rate:0, size:16
2026-06-20 22:39:02, MOVE, v:1, k:fup@apertada, mode:EDIT
2026-06-20 22:39:03, MOVE, v:1, k:fup@apertada, mode:EDIT
2026-06-20 22:40:44, MOVE, v:1, k:fup@dieta, mode:EDIT
2026-06-20 22:40:44, MOVE, v:1, k:fup@dieta, mode:EDIT
2026-06-20 22:40:44, MOVE, v:1, k:fup@dieta, mode:EDIT
2026-06-20 22:41:45, MOVE, v:1, k:fup@dieta, mode:EDIT
2026-06-20 22:41:40, MOVE, v:1, k:fup@dieta, mode:EDIT
2026-06-20 22:44:25, EXEC, v:1, k:fup@dieta, mode:FULL, rate:100, size:17
2026-06-20 22:44:37, SELF, v:1, k:fup@dieta, self:1, rate:100, study:5
2026-06-20 22:44:39, MOVE, v:1, k:fup@dieta, mode:BACK
2026-06-20 22:45:16, MOVE, v:1, k:fup@patas, mode:DOWN
2026-06-20 22:44:23, MOVE, v:1, k:fup@dieta, mode:EDIT
2026-06-20 22:44:25, MOVE, v:1, k:fup@dieta, mode:EDIT
2026-06-20 22:45:16, MOVE, v:1, k:fup@patas, mode:EDIT
2026-06-20 22:45:16, MOVE, v:1, k:fup@patas, mode:EDIT
2026-06-20 22:45:16, MOVE, v:1, k:fup@patas, mode:EDIT
2026-06-20 22:45:56, MOVE, v:1, k:fup@patas, mode:EDIT
2026-06-20 22:56:26, MOVE, v:1, k:fup@patas, mode:PICK
2026-06-20 22:56:27, EXEC, v:1, k:fup@patas, mode:FULL, rate:100, size:42
2026-06-20 22:56:35, SELF, v:1, k:fup@patas, self:1, rate:100, study:10
2026-06-20 22:56:35, EXEC, v:1, k:fup@patas, mode:FULL, rate:100
2026-06-20 22:56:35, EXEC, v:1, k:fup@patas, mode:FULL, rate:100
2026-06-20 22:56:36, MOVE, v:1, k:fup@patas, mode:BACK
2026-06-20 22:56:35, MOVE, v:1, k:fup@patas, mode:EDIT
2026-06-20 22:58:33, MOVE, v:1, k:fup@dindin, mode:DOWN
2026-06-20 23:01:51, MOVE, v:1, k:fup@dindin, mode:PICK
2026-06-20 23:01:53, EXEC, v:1, k:fup@dindin, mode:FULL, rate:0, size:26
2026-06-20 22:58:33, MOVE, v:1, k:fup@dindin, mode:EDIT
2026-06-20 22:58:33, MOVE, v:1, k:fup@dindin, mode:EDIT
2026-06-20 22:58:33, MOVE, v:1, k:fup@dindin, mode:EDIT
2026-06-20 23:02:01, MOVE, v:1, k:fup@dindin, mode:EDIT
2026-06-20 23:01:53, MOVE, v:1, k:fup@dindin, mode:EDIT
2026-06-20 23:06:29, EXEC, v:1, k:fup@dindin, mode:FULL, rate:12, size:41
2026-06-20 23:06:29, MOVE, v:1, k:fup@dindin, mode:EDIT
2026-06-20 23:09:21, EXEC, v:1, k:fup@dindin, mode:FULL, rate:100, size:41
2026-06-20 23:09:33, SELF, v:1, k:fup@dindin, self:1, rate:100, study:10
2026-06-20 23:09:35, MOVE, v:1, k:fup@dindin, mode:BACK
2026-06-20 23:09:56, MOVE, v:1, k:fup@repetidos, mode:DOWN
2026-06-20 23:10:43, MOVE, v:1, k:fup@repetidos, mode:PICK
2026-06-20 23:10:44, EXEC, v:1, k:fup@repetidos, mode:FULL, rate:100, size:17
2026-06-20 23:10:52, SELF, v:1, k:fup@repetidos, self:1, rate:100, study:5
2026-06-20 23:10:52, EXEC, v:1, k:fup@repetidos, mode:FULL, rate:100
2026-06-20 23:10:52, EXEC, v:1, k:fup@repetidos, mode:FULL, rate:100
2026-06-20 23:10:53, MOVE, v:1, k:fup@repetidos, mode:BACK
2026-06-20 23:10:55, MOVE, v:1, k:fup@batraquios, mode:DOWN
2026-06-20 23:11:26, MOVE, v:1, k:fup@batraquios, mode:PICK
2026-06-20 23:11:27, EXEC, v:1, k:fup@batraquios, mode:FULL, rate:100, size:43
2026-06-20 23:11:34, SELF, v:1, k:fup@batraquios, self:1, rate:100, study:10
2026-06-20 23:11:34, EXEC, v:1, k:fup@batraquios, mode:FULL, rate:100
2026-06-20 23:11:35, MOVE, v:1, k:fup@batraquios, mode:BACK
2026-06-20 23:11:44, MOVE, v:1, k:fup@baruel, mode:DOWN
2026-06-20 23:09:17, MOVE, v:1, k:fup@dindin, mode:EDIT
2026-06-20 23:09:21, MOVE, v:1, k:fup@dindin, mode:EDIT
2026-06-20 23:09:55, MOVE, v:1, k:fup@repetidos, mode:EDIT
2026-06-20 23:09:55, MOVE, v:1, k:fup@repetidos, mode:EDIT
2026-06-20 23:09:55, MOVE, v:1, k:fup@repetidos, mode:EDIT
2026-06-20 23:10:42, MOVE, v:1, k:fup@repetidos, mode:EDIT
2026-06-20 23:10:52, MOVE, v:1, k:fup@repetidos, mode:EDIT
2026-06-20 23:10:55, MOVE, v:1, k:fup@batraquios, mode:EDIT
2026-06-20 23:10:55, MOVE, v:1, k:fup@batraquios, mode:EDIT
2026-06-20 23:10:55, MOVE, v:1, k:fup@batraquios, mode:EDIT
2026-06-20 23:11:24, MOVE, v:1, k:fup@batraquios, mode:EDIT
2026-06-20 23:11:34, MOVE, v:1, k:fup@batraquios, mode:EDIT
2026-06-20 23:11:44, MOVE, v:1, k:fup@baruel, mode:EDIT
2026-06-20 23:11:44, MOVE, v:1, k:fup@baruel, mode:EDIT
2026-06-20 23:11:44, MOVE, v:1, k:fup@baruel, mode:EDIT
2026-06-20 23:12:41, MOVE, v:1, k:fup@baruel, mode:EDIT
2026-06-20 23:16:23, MOVE, v:1, k:fup@baruel, mode:PICK
2026-06-20 23:16:24, EXEC, v:1, k:fup@baruel, mode:FULL, rate:0, size:43
2026-06-20 23:16:24, MOVE, v:1, k:fup@baruel, mode:EDIT
2026-06-20 23:17:46, MOVE, v:1, k:fup@baruel, mode:EDIT
2026-06-20 23:17:51, EXEC, v:1, k:fup@baruel, mode:FULL, rate:50, size:44
2026-06-20 23:18:15, EXEC, v:1, k:fup@baruel, mode:FULL, rate:25, size:44
2026-06-20 23:18:22, EXEC, v:1, k:fup@baruel, mode:FULL, rate:25, size:44
2026-06-20 23:18:30, EXEC, v:1, k:fup@baruel, mode:FULL, rate:25, size:44
2026-06-20 23:18:39, EXEC, v:1, k:fup@baruel, mode:FULL, rate:25, size:44
2026-06-20 23:18:43, EXEC, v:1, k:fup@baruel, mode:FULL, rate:25, size:44
2026-06-20 23:20:25, EXEC, v:1, k:fup@baruel, mode:FULL, rate:25, size:42
2026-06-20 23:21:03, EXEC, v:1, k:fup@baruel, mode:FULL, rate:25, size:47
2026-06-20 23:21:17, MOVE, v:1, k:fup@baruel, mode:EDIT
2026-06-20 23:21:03, MOVE, v:1, k:fup@baruel, mode:EDIT
2026-06-20 23:24:20, MOVE, v:1, k:fup@baruel, mode:BACK
